{"event": "start", "path": "WA5480 G3/lenovo_bmc_event_reference_guide_g5_v4.pdf"}
{"event": "complete", "path": "WA5480 G3/lenovo_bmc_event_reference_guide_g5_v4.pdf", "status": "passed", "error": null, "seconds": 42.403, "targets": []}
{"event": "start", "path": "WA5480 G3/lenovo_snmp_ug_g3.pdf"}
{"event": "complete", "path": "WA5480 G3/lenovo_snmp_ug_g3.pdf", "status": "passed", "error": null, "seconds": 21.803, "targets": []}
{"event": "start", "path": "WA5480 G3/lenovo_wentian_wa5480g3_user_guide_v8.pdf"}
{"event": "complete", "path": "WA5480 G3/lenovo_wentian_wa5480g3_user_guide_v8.pdf", "status": "passed", "error": null, "seconds": 88.342, "targets": []}
{"event": "start", "path": "WA5480 G3/lxce_onecli_cplus_ug.pdf"}
{"event": "complete", "path": "WA5480 G3/lxce_onecli_cplus_ug.pdf", "status": "passed", "error": null, "seconds": 44.058, "targets": []}
{"event": "start", "path": "WA5480 G3/lxpm_wentian_ug-v2.pdf"}
{"event": "complete", "path": "WA5480 G3/lxpm_wentian_ug-v2.pdf", "status": "passed", "error": null, "seconds": 5.446, "targets": []}
{"event": "start", "path": "WA5480 G5/lenovo_bmc_commands_g5_v3.pdf"}
{"event": "complete", "path": "WA5480 G5/lenovo_bmc_commands_g5_v3.pdf", "status": "passed", "error": null, "seconds": 20.646, "targets": []}
{"event": "start", "path": "WA5480 G5/lenovo_bmc_snmp_guide_g5.pdf"}
{"event": "complete", "path": "WA5480 G5/lenovo_bmc_snmp_guide_g5.pdf", "status": "passed", "error": null, "seconds": 21.811, "targets": []}
{"event": "start", "path": "WA5480 G5/lenovo_wentian_wa5480g5_user_guide_v5.pdf"}
{"event": "complete", "path": "WA5480 G5/lenovo_wentian_wa5480g5_user_guide_v5.pdf", "status": "passed", "error": null, "seconds": 91.445, "targets": []}
{"event": "start", "path": "WA5680 G3/lenovo_wentian_wa5680g3_user_guide.pdf"}
{"event": "complete", "path": "WA5680 G3/lenovo_wentian_wa5680g3_user_guide.pdf", "status": "passed", "error": null, "seconds": 33.927, "targets": []}
{"event": "start", "path": "WA5680 G5/lenovo_wentian_wa5680g5_user_guide.pdf"}
{"event": "complete", "path": "WA5680 G5/lenovo_wentian_wa5680g5_user_guide.pdf", "status": "passed", "error": null, "seconds": 65.061, "targets": []}
{"event": "start", "path": "WA5680 G5/lp2506.pdf"}
fontTools is required to fully parse the encoding of a CFF Type1 font in font dictionary {'/BaseFont': '/OLNWUR+Gotham-Book', '/Encoding': '/WinAnsiEncoding', '/FirstChar': 32, '/FontDescriptor': IndirectObject(110, 0, 139505055159056), '/LastChar': 215, '/Subtype': '/Type1', '/Type': '/Font', '/Widths': [300, 0, 0, 0, 0, 0, 0, 0, 434, 434, 0, 625, 245, 0, 244, 508, 715, 358, 599, 613, 671, 612, 647, 596, 630, 0, 0, 255, 0, 0, 0, 0, 0, 790, 722, 742, 782, 670, 656, 784, 760, 291, 0, 0, 615, 868, 790, 850, 668, 0, 723, 640, 641, 759, 750, 1107, 725, 0, 0, 0, 0, 0, 0, 0, 0, 0, 0, 0, 0, 592, 0, 0, 616, 263, 0, 569, 263, 948, 616, 646, 0, 0, 0, 498, 404, 0, 587, 0, 574, 591, 556, 0, 0, 0, 473, 0, 0, 0, 0, 0, 0, 0, 0, 0, 0, 0, 0, 0, 0, 0, 0, 0, 0, 0, 0, 445, 445, 0, 0, 0, 0, 0, 0, 0, 0, 0, 0, 0, 0, 0, 0, 0, 0, 0, 0, 0, 0, 830, 0, 0, 0, 0, 403, 0, 0, 0, 0, 0, 0, 0, 0, 0, 0, 0, 0, 0, 0, 0, 0, 0, 0, 0, 0, 0, 0, 0, 0, 0, 0, 0, 0, 0, 0, 0, 0, 0, 0, 0, 0, 0, 0, 0, 0, 625]}, but is not installed. Consider installing fontTools if you encounter encoding problems.
fontTools is required to fully parse the encoding of a CFF Type1 font in font dictionary {'/BaseFont': '/XJWYQZ+Gotham-Bold', '/Encoding': '/WinAnsiEncoding', '/FirstChar': 32, '/FontDescriptor': IndirectObject(111, 0, 139505055159056), '/LastChar': 87, '/Subtype': '/Type1', '/Type': '/Font', '/Widths': [300, 0, 0, 0, 0, 0, 0, 0, 0, 0, 0, 0, 0, 0, 0, 0, 730, 0, 0, 0, 0, 630, 662, 0, 630, 0, 0, 0, 0, 0, 0, 0, 0, 790, 0, 0, 0, 0, 0, 784, 0, 0, 0, 0, 0, 0, 0, 0, 0, 0, 0, 0, 0, 0, 0, 1122]}, but is not installed. Consider installing fontTools if you encounter encoding problems.
fontTools is required to fully parse the encoding of a CFF Type1 font in font dictionary {'/BaseFont': '/OLNWUR+Gotham-Book', '/Encoding': '/WinAnsiEncoding', '/FirstChar': 32, '/FontDescriptor': IndirectObject(110, 0, 139505055159056), '/LastChar': 215, '/Subtype': '/Type1', '/Type': '/Font', '/Widths': [300, 0, 0, 0, 0, 0, 0, 0, 434, 434, 0, 625, 245, 0, 244, 508, 715, 358, 599, 613, 671, 612, 647, 596, 630, 0, 0, 255, 0, 0, 0, 0, 0, 790, 722, 742, 782, 670, 656, 784, 760, 291, 0, 0, 615, 868, 790, 850, 668, 0, 723, 640, 641, 759, 750, 1107, 725, 0, 0, 0, 0, 0, 0, 0, 0, 0, 0, 0, 0, 592, 0, 0, 616, 263, 0, 569, 263, 948, 616, 646, 0, 0, 0, 498, 404, 0, 587, 0, 574, 591, 556, 0, 0, 0, 473, 0, 0, 0, 0, 0, 0, 0, 0, 0, 0, 0, 0, 0, 0, 0, 0, 0, 0, 0, 0, 445, 445, 0, 0, 0, 0, 0, 0, 0, 0, 0, 0, 0, 0, 0, 0, 0, 0, 0, 0, 0, 0, 830, 0, 0, 0, 0, 403, 0, 0, 0, 0, 0, 0, 0, 0, 0, 0, 0, 0, 0, 0, 0, 0, 0, 0, 0, 0, 0, 0, 0, 0, 0, 0, 0, 0, 0, 0, 0, 0, 0, 0, 0, 0, 0, 0, 0, 0, 625]}, but is not installed. Consider installing fontTools if you encounter encoding problems.
fontTools is required to fully parse the encoding of a CFF Type1 font in font dictionary {'/BaseFont': '/TDYAMH+Gotham-Medium', '/Encoding': '/WinAnsiEncoding', '/FirstChar': 32, '/FontDescriptor': IndirectObject(120, 0, 139505055159056), '/LastChar': 57, '/Subtype': '/Type1', '/Type': '/Font', '/Widths': [300, 0, 0, 0, 0, 0, 0, 0, 0, 0, 0, 0, 0, 0, 0, 0, 724, 396, 0, 0, 681, 0, 656, 609, 630, 656]}, but is not installed. Consider installing fontTools if you encounter encoding problems.
fontTools is required to fully parse the encoding of a CFF Type1 font in font dictionary {'/Type': '/Font', '/Subtype': '/Type1', '/BaseFont': '/OLNWUR+Gotham-Book', '/Encoding': '/WinAnsiEncoding', '/FirstChar': 32, '/FontDescriptor': IndirectObject(33, 0, 139505055158816), '/LastChar': 215, '/Widths': [300, 0, 0, 0, 0, 0, 0, 0, 434, 434, 0, 625, 245, 0, 244, 508, 715, 358, 599, 613, 671, 612, 647, 596, 630, 0, 0, 255, 0, 0, 0, 0, 0, 790, 722, 742, 782, 670, 656, 784, 760, 291, 0, 0, 615, 868, 790, 850, 668, 0, 723, 640, 641, 759, 750, 1107, 725, 0, 0, 0, 0, 0, 0, 0, 0, 0, 0, 0, 0, 592, 0, 0, 616, 263, 0, 569, 263, 948, 616, 646, 0, 0, 0, 498, 404, 0, 587, 0, 574, 591, 556, 0, 0, 0, 473, 0, 0, 0, 0, 0, 0, 0, 0, 0, 0, 0, 0, 0, 0, 0, 0, 0, 0, 0, 0, 445, 445, 0, 0, 0, 0, 0, 0, 0, 0, 0, 0, 0, 0, 0, 0, 0, 0, 0, 0, 0, 0, 830, 0, 0, 0, 0, 403, 0, 0, 0, 0, 0, 0, 0, 0, 0, 0, 0, 0, 0, 0, 0, 0, 0, 0, 0, 0, 0, 0, 0, 0, 0, 0, 0, 0, 0, 0, 0, 0, 0, 0, 0, 0, 0, 0, 0, 0, 625]}, but is not installed. Consider installing fontTools if you encounter encoding problems.
fontTools is required to fully parse the encoding of a CFF Type1 font in font dictionary {'/Type': '/Font', '/Subtype': '/Type1', '/BaseFont': '/XJWYQZ+Gotham-Bold', '/Encoding': '/WinAnsiEncoding', '/FirstChar': 32, '/FontDescriptor': IndirectObject(34, 0, 139505055158816), '/LastChar': 87, '/Widths': [300, 0, 0, 0, 0, 0, 0, 0, 0, 0, 0, 0, 0, 0, 0, 0, 730, 0, 0, 0, 0, 630, 662, 0, 630, 0, 0, 0, 0, 0, 0, 0, 0, 790, 0, 0, 0, 0, 0, 784, 0, 0, 0, 0, 0, 0, 0, 0, 0, 0, 0, 0, 0, 0, 0, 1122]}, but is not installed. Consider installing fontTools if you encounter encoding problems.
fontTools is required to fully parse the encoding of a CFF Type1 font in font dictionary {'/Type': '/Font', '/Subtype': '/Type1', '/BaseFont': '/OLNWUR+Gotham-Book', '/Encoding': '/WinAnsiEncoding', '/FirstChar': 32, '/FontDescriptor': IndirectObject(33, 0, 139505055158816), '/LastChar': 215, '/Widths': [300, 0, 0, 0, 0, 0, 0, 0, 434, 434, 0, 625, 245, 0, 244, 508, 715, 358, 599, 613, 671, 612, 647, 596, 630, 0, 0, 255, 0, 0, 0, 0, 0, 790, 722, 742, 782, 670, 656, 784, 760, 291, 0, 0, 615, 868, 790, 850, 668, 0, 723, 640, 641, 759, 750, 1107, 725, 0, 0, 0, 0, 0, 0, 0, 0, 0, 0, 0, 0, 592, 0, 0, 616, 263, 0, 569, 263, 948, 616, 646, 0, 0, 0, 498, 404, 0, 587, 0, 574, 591, 556, 0, 0, 0, 473, 0, 0, 0, 0, 0, 0, 0, 0, 0, 0, 0, 0, 0, 0, 0, 0, 0, 0, 0, 0, 445, 445, 0, 0, 0, 0, 0, 0, 0, 0, 0, 0, 0, 0, 0, 0, 0, 0, 0, 0, 0, 0, 830, 0, 0, 0, 0, 403, 0, 0, 0, 0, 0, 0, 0, 0, 0, 0, 0, 0, 0, 0, 0, 0, 0, 0, 0, 0, 0, 0, 0, 0, 0, 0, 0, 0, 0, 0, 0, 0, 0, 0, 0, 0, 0, 0, 0, 0, 625]}, but is not installed. Consider installing fontTools if you encounter encoding problems.
fontTools is required to fully parse the encoding of a CFF Type1 font in font dictionary {'/Type': '/Font', '/Subtype': '/Type1', '/BaseFont': '/TDYAMH+Gotham-Medium', '/Encoding': '/WinAnsiEncoding', '/FirstChar': 32, '/FontDescriptor': IndirectObject(41, 0, 139505055158816), '/LastChar': 57, '/Widths': [300, 0, 0, 0, 0, 0, 0, 0, 0, 0, 0, 0, 0, 0, 0, 0, 724, 396, 0, 0, 681, 0, 656, 609, 630, 656]}, but is not installed. Consider installing fontTools if you encounter encoding problems.
{"event": "complete", "path": "WA5680 G5/lp2506.pdf", "status": "passed", "error": null, "seconds": 3.679, "targets": []}
{"event": "start", "path": "WA5685 G5/lp2507.pdf"}
fontTools is required to fully parse the encoding of a CFF Type1 font in font dictionary {'/BaseFont': '/ZBCWHZ+Gotham-Book', '/Encoding': IndirectObject(173, 0, 139505055158816), '/FirstChar': 31, '/FontDescriptor': IndirectObject(174, 0, 139505055158816), '/LastChar': 215, '/Subtype': '/Type1', '/Type': '/Font', '/Widths': [631, 300, 0, 0, 0, 0, 834, 0, 0, 0, 0, 430, 625, 0, 408, 244, 508, 715, 358, 599, 613, 671, 612, 647, 596, 630, 647, 0, 0, 0, 0, 0, 0, 0, 790, 722, 742, 782, 670, 0, 784, 760, 291, 0, 719, 615, 868, 790, 850, 668, 0, 723, 640, 641, 759, 750, 1107, 0, 716, 0, 0, 0, 0, 0, 0, 0, 579, 664, 571, 664, 592, 367, 0, 616, 263, 0, 569, 263, 948, 616, 646, 664, 0, 405, 498, 404, 616, 587, 861, 574, 591, 0, 0, 0, 0, 473, 0, 0, 0, 0, 0, 0, 0, 0, 0, 0, 0, 0, 0, 0, 0, 0, 0, 0, 0, 0, 0, 0, 478, 0, 0, 0, 690, 0, 0, 0, 0, 0, 0, 0, 0, 0, 0, 0, 0, 0, 0, 0, 830, 0, 0, 0, 0, 0, 0, 458, 0, 0, 0, 0, 0, 0, 244, 0, 0, 0, 0, 0, 0, 0, 0, 0, 0, 0, 0, 0, 0, 0, 0, 0, 0, 0, 0, 0, 0, 0, 0, 0, 0, 0, 0, 0, 0, 0, 625]}, but is not installed. Consider installing fontTools if you encounter encoding problems.
fontTools is required to fully parse the encoding of a CFF Type1 font in font dictionary {'/BaseFont': '/BMZDEV+Gotham-Bold', '/Encoding': '/WinAnsiEncoding', '/FirstChar': 32, '/FontDescriptor': IndirectObject(175, 0, 139505055158816), '/LastChar': 87, '/Subtype': '/Type1', '/Type': '/Font', '/Widths': [300, 0, 0, 0, 0, 0, 0, 0, 0, 0, 0, 0, 0, 0, 0, 0, 0, 0, 0, 0, 0, 630, 662, 0, 630, 0, 0, 0, 0, 0, 0, 0, 0, 790, 0, 0, 0, 0, 0, 784, 0, 0, 0, 0, 0, 0, 0, 0, 0, 0, 0, 0, 0, 0, 0, 1122]}, but is not installed. Consider installing fontTools if you encounter encoding problems.
fontTools is required to fully parse the encoding of a CFF Type1 font in font dictionary {'/BaseFont': '/ZBCWHZ+Gotham-Book', '/Encoding': IndirectObject(173, 0, 139505055158816), '/FirstChar': 31, '/FontDescriptor': IndirectObject(174, 0, 139505055158816), '/LastChar': 215, '/Subtype': '/Type1', '/Type': '/Font', '/Widths': [631, 300, 0, 0, 0, 0, 834, 0, 0, 0, 0, 430, 625, 0, 408, 244, 508, 715, 358, 599, 613, 671, 612, 647, 596, 630, 647, 0, 0, 0, 0, 0, 0, 0, 790, 722, 742, 782, 670, 0, 784, 760, 291, 0, 719, 615, 868, 790, 850, 668, 0, 723, 640, 641, 759, 750, 1107, 0, 716, 0, 0, 0, 0, 0, 0, 0, 579, 664, 571, 664, 592, 367, 0, 616, 263, 0, 569, 263, 948, 616, 646, 664, 0, 405, 498, 404, 616, 587, 861, 574, 591, 0, 0, 0, 0, 473, 0, 0, 0, 0, 0, 0, 0, 0, 0, 0, 0, 0, 0, 0, 0, 0, 0, 0, 0, 0, 0, 0, 478, 0, 0, 0, 690, 0, 0, 0, 0, 0, 0, 0, 0, 0, 0, 0, 0, 0, 0, 0, 830, 0, 0, 0, 0, 0, 0, 458, 0, 0, 0, 0, 0, 0, 244, 0, 0, 0, 0, 0, 0, 0, 0, 0, 0, 0, 0, 0, 0, 0, 0, 0, 0, 0, 0, 0, 0, 0, 0, 0, 0, 0, 0, 0, 0, 0, 625]}, but is not installed. Consider installing fontTools if you encounter encoding problems.
fontTools is required to fully parse the encoding of a CFF Type1 font in font dictionary {'/BaseFont': '/XGBFAD+Gotham-Medium', '/Encoding': '/WinAnsiEncoding', '/FirstChar': 32, '/FontDescriptor': IndirectObject(185, 0, 139505055158816), '/LastChar': 57, '/Subtype': '/Type1', '/Type': '/Font', '/Widths': [300, 0, 0, 0, 0, 0, 0, 0, 0, 0, 0, 0, 0, 0, 0, 0, 724, 396, 0, 0, 681, 0, 656, 609, 630, 656]}, but is not installed. Consider installing fontTools if you encounter encoding problems.
fontTools is required to fully parse the encoding of a CFF Type1 font in font dictionary {'/Type': '/Font', '/Subtype': '/Type1', '/BaseFont': '/ZBCWHZ+Gotham-Book', '/Encoding': IndirectObject(38, 0, 139505055158336), '/FirstChar': 31, '/FontDescriptor': IndirectObject(39, 0, 139505055158336), '/LastChar': 215, '/Widths': [631, 300, 0, 0, 0, 0, 834, 0, 0, 0, 0, 430, 625, 0, 408, 244, 508, 715, 358, 599, 613, 671, 612, 647, 596, 630, 647, 0, 0, 0, 0, 0, 0, 0, 790, 722, 742, 782, 670, 0, 784, 760, 291, 0, 719, 615, 868, 790, 850, 668, 0, 723, 640, 641, 759, 750, 1107, 0, 716, 0, 0, 0, 0, 0, 0, 0, 579, 664, 571, 664, 592, 367, 0, 616, 263, 0, 569, 263, 948, 616, 646, 664, 0, 405, 498, 404, 616, 587, 861, 574, 591, 0, 0, 0, 0, 473, 0, 0, 0, 0, 0, 0, 0, 0, 0, 0, 0, 0, 0, 0, 0, 0, 0, 0, 0, 0, 0, 0, 478, 0, 0, 0, 690, 0, 0, 0, 0, 0, 0, 0, 0, 0, 0, 0, 0, 0, 0, 0, 830, 0, 0, 0, 0, 0, 0, 458, 0, 0, 0, 0, 0, 0, 244, 0, 0, 0, 0, 0, 0, 0, 0, 0, 0, 0, 0, 0, 0, 0, 0, 0, 0, 0, 0, 0, 0, 0, 0, 0, 0, 0, 0, 0, 0, 0, 625]}, but is not installed. Consider installing fontTools if you encounter encoding problems.
fontTools is required to fully parse the encoding of a CFF Type1 font in font dictionary {'/Type': '/Font', '/Subtype': '/Type1', '/BaseFont': '/BMZDEV+Gotham-Bold', '/Encoding': '/WinAnsiEncoding', '/FirstChar': 32, '/FontDescriptor': IndirectObject(40, 0, 139505055158336), '/LastChar': 87, '/Widths': [300, 0, 0, 0, 0, 0, 0, 0, 0, 0, 0, 0, 0, 0, 0, 0, 0, 0, 0, 0, 0, 630, 662, 0, 630, 0, 0, 0, 0, 0, 0, 0, 0, 790, 0, 0, 0, 0, 0, 784, 0, 0, 0, 0, 0, 0, 0, 0, 0, 0, 0, 0, 0, 0, 0, 1122]}, but is not installed. Consider installing fontTools if you encounter encoding problems.
fontTools is required to fully parse the encoding of a CFF Type1 font in font dictionary {'/Type': '/Font', '/Subtype': '/Type1', '/BaseFont': '/ZBCWHZ+Gotham-Book', '/Encoding': IndirectObject(38, 0, 139505055158336), '/FirstChar': 31, '/FontDescriptor': IndirectObject(39, 0, 139505055158336), '/LastChar': 215, '/Widths': [631, 300, 0, 0, 0, 0, 834, 0, 0, 0, 0, 430, 625, 0, 408, 244, 508, 715, 358, 599, 613, 671, 612, 647, 596, 630, 647, 0, 0, 0, 0, 0, 0, 0, 790, 722, 742, 782, 670, 0, 784, 760, 291, 0, 719, 615, 868, 790, 850, 668, 0, 723, 640, 641, 759, 750, 1107, 0, 716, 0, 0, 0, 0, 0, 0, 0, 579, 664, 571, 664, 592, 367, 0, 616, 263, 0, 569, 263, 948, 616, 646, 664, 0, 405, 498, 404, 616, 587, 861, 574, 591, 0, 0, 0, 0, 473, 0, 0, 0, 0, 0, 0, 0, 0, 0, 0, 0, 0, 0, 0, 0, 0, 0, 0, 0, 0, 0, 0, 478, 0, 0, 0, 690, 0, 0, 0, 0, 0, 0, 0, 0, 0, 0, 0, 0, 0, 0, 0, 830, 0, 0, 0, 0, 0, 0, 458, 0, 0, 0, 0, 0, 0, 244, 0, 0, 0, 0, 0, 0, 0, 0, 0, 0, 0, 0, 0, 0, 0, 0, 0, 0, 0, 0, 0, 0, 0, 0, 0, 0, 0, 0, 0, 0, 0, 625]}, but is not installed. Consider installing fontTools if you encounter encoding problems.
fontTools is required to fully parse the encoding of a CFF Type1 font in font dictionary {'/Type': '/Font', '/Subtype': '/Type1', '/BaseFont': '/XGBFAD+Gotham-Medium', '/Encoding': '/WinAnsiEncoding', '/FirstChar': 32, '/FontDescriptor': IndirectObject(48, 0, 139505055158336), '/LastChar': 57, '/Widths': [300, 0, 0, 0, 0, 0, 0, 0, 0, 0, 0, 0, 0, 0, 0, 0, 724, 396, 0, 0, 681, 0, 656, 609, 630, 656]}, but is not installed. Consider installing fontTools if you encounter encoding problems.
{"event": "complete", "path": "WA5685 G5/lp2507.pdf", "status": "passed", "error": null, "seconds": 0.99, "targets": []}
{"event": "start", "path": "WA7780 G3/lenovo_wentian_wa7780g3_bios_user_guide.pdf"}
{"event": "complete", "path": "WA7780 G3/lenovo_wentian_wa7780g3_bios_user_guide.pdf", "status": "passed", "error": null, "seconds": 11.576, "targets": []}
{"event": "start", "path": "WA7785a G3/lenovo_wentian_wa7785ag3_bios_user_guide.pdf"}
{"event": "complete", "path": "WA7785a G3/lenovo_wentian_wa7785ag3_bios_user_guide.pdf", "status": "passed", "error": null, "seconds": 10.367, "targets": []}
{"event": "start", "path": "WA7880a G3/lenovo_wentian_wa7880ag3_user_guide.pdf"}
{"event": "complete", "path": "WA7880a G3/lenovo_wentian_wa7880ag3_user_guide.pdf", "status": "passed", "error": null, "seconds": 41.916, "targets": []}
{"event": "start", "path": "WR3220 G5/lp2440.pdf"}
{"event": "complete", "path": "WR3220 G5/lp2440.pdf", "status": "passed", "error": null, "seconds": 24.11, "targets": []}
{"event": "start", "path": "WR5215 G5/lp2356.pdf"}
{"event": "complete", "path": "WR5215 G5/lp2356.pdf", "status": "passed", "error": null, "seconds": 12.72, "targets": []}
{"event": "start", "path": "WR5220 G3/lenovo_wentian_wr5220g3_user_guide_v18.pdf"}
{"event": "complete", "path": "WR5220 G3/lenovo_wentian_wr5220g3_user_guide_v18.pdf", "status": "passed", "error": null, "seconds": 137.767, "targets": []}
{"event": "start", "path": "WR5220 G3/vmware_code_recipe_file.pdf"}
{"event": "complete", "path": "WR5220 G3/vmware_code_recipe_file.pdf", "status": "passed", "error": null, "seconds": 6.428, "targets": []}
{"event": "start", "path": "WR5220 G5/lenovo_wentian_wr5220g5_user_guide_v7.pdf"}
{"event": "complete", "path": "WR5220 G5/lenovo_wentian_wr5220g5_user_guide_v7.pdf", "status": "passed", "error": null, "seconds": 124.185, "targets": []}
{"event": "start", "path": "WR5220 G5/lp2014.pdf"}
{"event": "complete", "path": "WR5220 G5/lp2014.pdf", "status": "passed", "error": null, "seconds": 37.868, "targets": []}
{"event": "start", "path": "WR5225 G3/wr5225g3_bios_setup_spec_v2.9-turin.pdf"}
{"event": "complete", "path": "WR5225 G3/wr5225g3_bios_setup_spec_v2.9-turin.pdf", "status": "passed", "error": null, "seconds": 23.556, "targets": []}
{"event": "start", "path": "WR5225 G3/wr5225g3_user_guide_v6.pdf"}
{"event": "complete", "path": "WR5225 G3/wr5225g3_user_guide_v6.pdf", "status": "passed", "error": null, "seconds": 154.978, "targets": []}
{"event": "start", "path": "WR6220 G5/lp2468.pdf"}
{"event": "complete", "path": "WR6220 G5/lp2468.pdf", "status": "passed", "error": null, "seconds": 36.446, "targets": []}
