{"event": "start", "path": "WR6220 G5/lenovo_wentian_wr6220g5_user_guide.pdf", "phase": "sample"}
{"event": "review_progress", "file": "8921606e9e9fcc6b199f2c360787dc228f3180bd2448423d40bd1d101c13be71.pdf", "page": 50, "pages": 388, "failures": 0}
{"event": "review_progress", "file": "8921606e9e9fcc6b199f2c360787dc228f3180bd2448423d40bd1d101c13be71.pdf", "page": 100, "pages": 388, "failures": 0}
{"event": "review_progress", "file": "8921606e9e9fcc6b199f2c360787dc228f3180bd2448423d40bd1d101c13be71.pdf", "page": 150, "pages": 388, "failures": 0}
{"event": "review_progress", "file": "8921606e9e9fcc6b199f2c360787dc228f3180bd2448423d40bd1d101c13be71.pdf", "page": 200, "pages": 388, "failures": 0}
{"event": "review_progress", "file": "8921606e9e9fcc6b199f2c360787dc228f3180bd2448423d40bd1d101c13be71.pdf", "page": 250, "pages": 388, "failures": 0}
{"event": "review_progress", "file": "8921606e9e9fcc6b199f2c360787dc228f3180bd2448423d40bd1d101c13be71.pdf", "page": 300, "pages": 388, "failures": 0}
{"event": "review_progress", "file": "8921606e9e9fcc6b199f2c360787dc228f3180bd2448423d40bd1d101c13be71.pdf", "page": 350, "pages": 388, "failures": 0}
{"event": "complete", "path": "WR6220 G5/lenovo_wentian_wr6220g5_user_guide.pdf", "status": "passed", "error": null, "seconds": 209.258, "outside_pixels": 0, "repeat_targets": 0}
{"event": "start", "path": "WA5480 G3/lxce_onecli_cplus_ug.pdf", "phase": "sample"}
{"event": "review_progress", "file": "dba774fbccfbd4c2e7e84819f2c213a37af77862be9143344db0f64e7f5e3440.pdf", "page": 50, "pages": 138, "failures": 0}
{"event": "review_progress", "file": "dba774fbccfbd4c2e7e84819f2c213a37af77862be9143344db0f64e7f5e3440.pdf", "page": 100, "pages": 138, "failures": 0}
{"event": "complete", "path": "WA5480 G3/lxce_onecli_cplus_ug.pdf", "status": "passed", "error": null, "seconds": 58.724, "outside_pixels": 0, "repeat_targets": 0}
{"event": "start", "path": "WA7780 G3/lenovo_wentian_wa7780g3_user_guide.pdf", "phase": "sample"}
{"event": "review_progress", "file": "1718c6d1094bf50a54550fdb191f628875da094b0fbda8f2f147305dbc740f4b.pdf", "page": 50, "pages": 100, "failures": 0}
{"event": "review_progress", "file": "1718c6d1094bf50a54550fdb191f628875da094b0fbda8f2f147305dbc740f4b.pdf", "page": 100, "pages": 100, "failures": 0}
{"event": "complete", "path": "WA7780 G3/lenovo_wentian_wa7780g3_user_guide.pdf", "status": "passed", "error": null, "seconds": 396.902, "outside_pixels": 0, "repeat_targets": 0}
{"event": "start", "path": "WR5225 G3/wr5225g3_user_guide_v6.pdf", "phase": "sample"}
{"event": "review_progress", "file": "8cfc8781da9c75bdab2b3477a6564cba1b06009d553530cd3a026014f4b677af.pdf", "page": 50, "pages": 375, "failures": 0}
{"event": "review_progress", "file": "8cfc8781da9c75bdab2b3477a6564cba1b06009d553530cd3a026014f4b677af.pdf", "page": 100, "pages": 375, "failures": 0}
{"event": "review_progress", "file": "8cfc8781da9c75bdab2b3477a6564cba1b06009d553530cd3a026014f4b677af.pdf", "page": 150, "pages": 375, "failures": 0}
{"event": "review_progress", "file": "8cfc8781da9c75bdab2b3477a6564cba1b06009d553530cd3a026014f4b677af.pdf", "page": 200, "pages": 375, "failures": 0}
{"event": "review_progress", "file": "8cfc8781da9c75bdab2b3477a6564cba1b06009d553530cd3a026014f4b677af.pdf", "page": 250, "pages": 375, "failures": 0}
{"event": "review_progress", "file": "8cfc8781da9c75bdab2b3477a6564cba1b06009d553530cd3a026014f4b677af.pdf", "page": 300, "pages": 375, "failures": 0}
{"event": "review_progress", "file": "8cfc8781da9c75bdab2b3477a6564cba1b06009d553530cd3a026014f4b677af.pdf", "page": 350, "pages": 375, "failures": 0}
{"event": "complete", "path": "WR5225 G3/wr5225g3_user_guide_v6.pdf", "status": "passed", "error": null, "seconds": 211.632, "outside_pixels": 0, "repeat_targets": 0}
{"event": "start", "path": "WA5480 G3/lenovo_bmc_g3_redfish_guide_v11.pdf", "phase": "sample"}
{"event": "review_progress", "file": "456897573c42b3e7eb767b248e3c588a987b7f23b2a0c70a344e816b91837ee8.pdf", "page": 50, "pages": 423, "failures": 0}
{"event": "review_progress", "file": "456897573c42b3e7eb767b248e3c588a987b7f23b2a0c70a344e816b91837ee8.pdf", "page": 100, "pages": 423, "failures": 0}
{"event": "review_progress", "file": "456897573c42b3e7eb767b248e3c588a987b7f23b2a0c70a344e816b91837ee8.pdf", "page": 150, "pages": 423, "failures": 0}
{"event": "review_progress", "file": "456897573c42b3e7eb767b248e3c588a987b7f23b2a0c70a344e816b91837ee8.pdf", "page": 200, "pages": 423, "failures": 0}
{"event": "review_progress", "file": "456897573c42b3e7eb767b248e3c588a987b7f23b2a0c70a344e816b91837ee8.pdf", "page": 250, "pages": 423, "failures": 0}
{"event": "review_progress", "file": "456897573c42b3e7eb767b248e3c588a987b7f23b2a0c70a344e816b91837ee8.pdf", "page": 300, "pages": 423, "failures": 0}
{"event": "review_progress", "file": "456897573c42b3e7eb767b248e3c588a987b7f23b2a0c70a344e816b91837ee8.pdf", "page": 350, "pages": 423, "failures": 0}
{"event": "review_progress", "file": "456897573c42b3e7eb767b248e3c588a987b7f23b2a0c70a344e816b91837ee8.pdf", "page": 400, "pages": 423, "failures": 0}
{"event": "complete", "path": "WA5480 G3/lenovo_bmc_g3_redfish_guide_v11.pdf", "status": "passed", "error": null, "seconds": 182.877, "outside_pixels": 0, "repeat_targets": 0}
{"event": "start", "path": "WA5680 G3/lenovo_wentian_wa5680g3_user_guide.pdf", "phase": "sample"}
{"event": "review_progress", "file": "fe6bafcd127777fe95f0f46fcea690d22ab78331853450d6b990f674575774d2.pdf", "page": 50, "pages": 128, "failures": 0}
{"event": "review_progress", "file": "fe6bafcd127777fe95f0f46fcea690d22ab78331853450d6b990f674575774d2.pdf", "page": 100, "pages": 128, "failures": 0}
{"event": "complete", "path": "WA5680 G3/lenovo_wentian_wa5680g3_user_guide.pdf", "status": "passed", "error": null, "seconds": 51.671, "outside_pixels": 0, "repeat_targets": 0}
{"event": "start", "path": "WA5685 G5/lp2507.pdf", "phase": "sample"}
fontTools is required to fully parse the encoding of a CFF Type1 font in font dictionary {'/BaseFont': '/ZBCWHZ+Gotham-Book', '/Encoding': IndirectObject(173, 0, 134888556786656), '/FirstChar': 31, '/FontDescriptor': IndirectObject(174, 0, 134888556786656), '/LastChar': 215, '/Subtype': '/Type1', '/Type': '/Font', '/Widths': [631, 300, 0, 0, 0, 0, 834, 0, 0, 0, 0, 430, 625, 0, 408, 244, 508, 715, 358, 599, 613, 671, 612, 647, 596, 630, 647, 0, 0, 0, 0, 0, 0, 0, 790, 722, 742, 782, 670, 0, 784, 760, 291, 0, 719, 615, 868, 790, 850, 668, 0, 723, 640, 641, 759, 750, 1107, 0, 716, 0, 0, 0, 0, 0, 0, 0, 579, 664, 571, 664, 592, 367, 0, 616, 263, 0, 569, 263, 948, 616, 646, 664, 0, 405, 498, 404, 616, 587, 861, 574, 591, 0, 0, 0, 0, 473, 0, 0, 0, 0, 0, 0, 0, 0, 0, 0, 0, 0, 0, 0, 0, 0, 0, 0, 0, 0, 0, 0, 478, 0, 0, 0, 690, 0, 0, 0, 0, 0, 0, 0, 0, 0, 0, 0, 0, 0, 0, 0, 830, 0, 0, 0, 0, 0, 0, 458, 0, 0, 0, 0, 0, 0, 244, 0, 0, 0, 0, 0, 0, 0, 0, 0, 0, 0, 0, 0, 0, 0, 0, 0, 0, 0, 0, 0, 0, 0, 0, 0, 0, 0, 0, 0, 0, 0, 625]}, but is not installed. Consider installing fontTools if you encounter encoding problems.
fontTools is required to fully parse the encoding of a CFF Type1 font in font dictionary {'/BaseFont': '/BMZDEV+Gotham-Bold', '/Encoding': '/WinAnsiEncoding', '/FirstChar': 32, '/FontDescriptor': IndirectObject(175, 0, 134888556786656), '/LastChar': 87, '/Subtype': '/Type1', '/Type': '/Font', '/Widths': [300, 0, 0, 0, 0, 0, 0, 0, 0, 0, 0, 0, 0, 0, 0, 0, 0, 0, 0, 0, 0, 630, 662, 0, 630, 0, 0, 0, 0, 0, 0, 0, 0, 790, 0, 0, 0, 0, 0, 784, 0, 0, 0, 0, 0, 0, 0, 0, 0, 0, 0, 0, 0, 0, 0, 1122]}, but is not installed. Consider installing fontTools if you encounter encoding problems.
fontTools is required to fully parse the encoding of a CFF Type1 font in font dictionary {'/BaseFont': '/ZBCWHZ+Gotham-Book', '/Encoding': IndirectObject(173, 0, 134888556786656), '/FirstChar': 31, '/FontDescriptor': IndirectObject(174, 0, 134888556786656), '/LastChar': 215, '/Subtype': '/Type1', '/Type': '/Font', '/Widths': [631, 300, 0, 0, 0, 0, 834, 0, 0, 0, 0, 430, 625, 0, 408, 244, 508, 715, 358, 599, 613, 671, 612, 647, 596, 630, 647, 0, 0, 0, 0, 0, 0, 0, 790, 722, 742, 782, 670, 0, 784, 760, 291, 0, 719, 615, 868, 790, 850, 668, 0, 723, 640, 641, 759, 750, 1107, 0, 716, 0, 0, 0, 0, 0, 0, 0, 579, 664, 571, 664, 592, 367, 0, 616, 263, 0, 569, 263, 948, 616, 646, 664, 0, 405, 498, 404, 616, 587, 861, 574, 591, 0, 0, 0, 0, 473, 0, 0, 0, 0, 0, 0, 0, 0, 0, 0, 0, 0, 0, 0, 0, 0, 0, 0, 0, 0, 0, 0, 478, 0, 0, 0, 690, 0, 0, 0, 0, 0, 0, 0, 0, 0, 0, 0, 0, 0, 0, 0, 830, 0, 0, 0, 0, 0, 0, 458, 0, 0, 0, 0, 0, 0, 244, 0, 0, 0, 0, 0, 0, 0, 0, 0, 0, 0, 0, 0, 0, 0, 0, 0, 0, 0, 0, 0, 0, 0, 0, 0, 0, 0, 0, 0, 0, 0, 625]}, but is not installed. Consider installing fontTools if you encounter encoding problems.
fontTools is required to fully parse the encoding of a CFF Type1 font in font dictionary {'/BaseFont': '/XGBFAD+Gotham-Medium', '/Encoding': '/WinAnsiEncoding', '/FirstChar': 32, '/FontDescriptor': IndirectObject(185, 0, 134888556786656), '/LastChar': 57, '/Subtype': '/Type1', '/Type': '/Font', '/Widths': [300, 0, 0, 0, 0, 0, 0, 0, 0, 0, 0, 0, 0, 0, 0, 0, 724, 396, 0, 0, 681, 0, 656, 609, 630, 656]}, but is not installed. Consider installing fontTools if you encounter encoding problems.
fontTools is required to fully parse the encoding of a CFF Type1 font in font dictionary {'/Type': '/Font', '/Subtype': '/Type1', '/BaseFont': '/ZBCWHZ+Gotham-Book', '/Encoding': IndirectObject(38, 0, 134888218812944), '/FirstChar': 31, '/FontDescriptor': IndirectObject(39, 0, 134888218812944), '/LastChar': 215, '/Widths': [631, 300, 0, 0, 0, 0, 834, 0, 0, 0, 0, 430, 625, 0, 408, 244, 508, 715, 358, 599, 613, 671, 612, 647, 596, 630, 647, 0, 0, 0, 0, 0, 0, 0, 790, 722, 742, 782, 670, 0, 784, 760, 291, 0, 719, 615, 868, 790, 850, 668, 0, 723, 640, 641, 759, 750, 1107, 0, 716, 0, 0, 0, 0, 0, 0, 0, 579, 664, 571, 664, 592, 367, 0, 616, 263, 0, 569, 263, 948, 616, 646, 664, 0, 405, 498, 404, 616, 587, 861, 574, 591, 0, 0, 0, 0, 473, 0, 0, 0, 0, 0, 0, 0, 0, 0, 0, 0, 0, 0, 0, 0, 0, 0, 0, 0, 0, 0, 0, 478, 0, 0, 0, 690, 0, 0, 0, 0, 0, 0, 0, 0, 0, 0, 0, 0, 0, 0, 0, 830, 0, 0, 0, 0, 0, 0, 458, 0, 0, 0, 0, 0, 0, 244, 0, 0, 0, 0, 0, 0, 0, 0, 0, 0, 0, 0, 0, 0, 0, 0, 0, 0, 0, 0, 0, 0, 0, 0, 0, 0, 0, 0, 0, 0, 0, 625]}, but is not installed. Consider installing fontTools if you encounter encoding problems.
fontTools is required to fully parse the encoding of a CFF Type1 font in font dictionary {'/Type': '/Font', '/Subtype': '/Type1', '/BaseFont': '/BMZDEV+Gotham-Bold', '/Encoding': '/WinAnsiEncoding', '/FirstChar': 32, '/FontDescriptor': IndirectObject(40, 0, 134888218812944), '/LastChar': 87, '/Widths': [300, 0, 0, 0, 0, 0, 0, 0, 0, 0, 0, 0, 0, 0, 0, 0, 0, 0, 0, 0, 0, 630, 662, 0, 630, 0, 0, 0, 0, 0, 0, 0, 0, 790, 0, 0, 0, 0, 0, 784, 0, 0, 0, 0, 0, 0, 0, 0, 0, 0, 0, 0, 0, 0, 0, 1122]}, but is not installed. Consider installing fontTools if you encounter encoding problems.
fontTools is required to fully parse the encoding of a CFF Type1 font in font dictionary {'/Type': '/Font', '/Subtype': '/Type1', '/BaseFont': '/ZBCWHZ+Gotham-Book', '/Encoding': IndirectObject(38, 0, 134888218812944), '/FirstChar': 31, '/FontDescriptor': IndirectObject(39, 0, 134888218812944), '/LastChar': 215, '/Widths': [631, 300, 0, 0, 0, 0, 834, 0, 0, 0, 0, 430, 625, 0, 408, 244, 508, 715, 358, 599, 613, 671, 612, 647, 596, 630, 647, 0, 0, 0, 0, 0, 0, 0, 790, 722, 742, 782, 670, 0, 784, 760, 291, 0, 719, 615, 868, 790, 850, 668, 0, 723, 640, 641, 759, 750, 1107, 0, 716, 0, 0, 0, 0, 0, 0, 0, 579, 664, 571, 664, 592, 367, 0, 616, 263, 0, 569, 263, 948, 616, 646, 664, 0, 405, 498, 404, 616, 587, 861, 574, 591, 0, 0, 0, 0, 473, 0, 0, 0, 0, 0, 0, 0, 0, 0, 0, 0, 0, 0, 0, 0, 0, 0, 0, 0, 0, 0, 0, 478, 0, 0, 0, 690, 0, 0, 0, 0, 0, 0, 0, 0, 0, 0, 0, 0, 0, 0, 0, 830, 0, 0, 0, 0, 0, 0, 458, 0, 0, 0, 0, 0, 0, 244, 0, 0, 0, 0, 0, 0, 0, 0, 0, 0, 0, 0, 0, 0, 0, 0, 0, 0, 0, 0, 0, 0, 0, 0, 0, 0, 0, 0, 0, 0, 0, 625]}, but is not installed. Consider installing fontTools if you encounter encoding problems.
fontTools is required to fully parse the encoding of a CFF Type1 font in font dictionary {'/Type': '/Font', '/Subtype': '/Type1', '/BaseFont': '/XGBFAD+Gotham-Medium', '/Encoding': '/WinAnsiEncoding', '/FirstChar': 32, '/FontDescriptor': IndirectObject(48, 0, 134888218812944), '/LastChar': 57, '/Widths': [300, 0, 0, 0, 0, 0, 0, 0, 0, 0, 0, 0, 0, 0, 0, 0, 724, 396, 0, 0, 681, 0, 656, 609, 630, 656]}, but is not installed. Consider installing fontTools if you encounter encoding problems.
{"event": "complete", "path": "WA5685 G5/lp2507.pdf", "status": "passed", "error": null, "seconds": 2.251, "outside_pixels": 0, "repeat_targets": 0}
{"event": "start", "path": "WA7785a G3/lenovo_wentian_wa7785ag3_bios_user_guide.pdf", "phase": "sample"}
{"event": "complete", "path": "WA7785a G3/lenovo_wentian_wa7785ag3_bios_user_guide.pdf", "status": "passed", "error": null, "seconds": 15.77, "outside_pixels": 0, "repeat_targets": 0}
{"event": "start", "path": "WR5220 G3/lp1705.pdf", "phase": "sample"}
{"event": "review_progress", "file": "f3b4f9d125fee56c228b36354a30198ddd14933cb755fdc7dc1ef2d4af8442e7.pdf", "page": 50, "pages": 78, "failures": 0}
{"event": "complete", "path": "WR5220 G3/lp1705.pdf", "status": "passed", "error": null, "seconds": 53.097, "outside_pixels": 0, "repeat_targets": 0}
