#0 building with "default" instance using docker driver

#1 [internal] load build definition from Fonts.Dockerfile
#1 transferring dockerfile: 487B done
#1 DONE 0.0s

#2 [internal] load metadata for docker.io/edge/pdf-cleanup:8257cb36be78
#2 DONE 0.0s

#3 [internal] load .dockerignore
#3 transferring context: 2B done
#3 DONE 0.0s

#4 [1/3] FROM docker.io/edge/pdf-cleanup:8257cb36be78@sha256:3ff39309bab88fca2d28edb606879afbe5ce18fa366d48ade3e9440cbd82c06e
#4 resolve docker.io/edge/pdf-cleanup:8257cb36be78@sha256:3ff39309bab88fca2d28edb606879afbe5ce18fa366d48ade3e9440cbd82c06e 0.0s done
#4 DONE 0.0s

#5 [internal] load build context
#5 transferring context: 750B 0.0s done
#5 DONE 0.0s

#6 [2/3] COPY source /opt/pdf-cleanup/source
#6 CACHED

#7 [3/3] RUN python -m pip install --no-cache-dir "pypdf[fonts]==6.19.0" && python -m pip install --no-cache-dir --no-deps --force-reinstall /opt/pdf-cleanup/source && python -m pip check
#7 3.879 Requirement already satisfied: pypdf==6.19.0 in ./usr/local/lib/python3.14/site-packages (from pypdf[fonts]==6.19.0) (6.19.0)
#7 4.171 Collecting fonttools (from pypdf[fonts]==6.19.0)
#7 4.214   Downloading fonttools-4.66.1-cp314-cp314-manylinux2014_x86_64.manylinux_2_17_x86_64.whl.metadata (130 kB)
#7 4.249 Downloading fonttools-4.66.1-cp314-cp314-manylinux2014_x86_64.manylinux_2_17_x86_64.whl (5.3 MB)
#7 4.268    ━━━━━━━━━━━━━━━━━━━━━━━━━━━━━━━━━━━━━━━━ 5.3/5.3 MB 343.1 MB/s  0:00:00
#7 4.446 Installing collected packages: fonttools
#7 5.999 Successfully installed fonttools-4.66.1
#7 5.999 WARNING: Running pip as the 'root' user can result in broken permissions and conflicting behaviour with the system package manager, possibly rendering your system unusable. It is recommended to use a virtual environment instead: https://pip.pypa.io/warnings/venv. Use the --root-user-action option if you know what you are doing and want to suppress this warning.
#7 8.255 Processing ./opt/pdf-cleanup/source
#7 8.258   Installing build dependencies: started
#7 10.80   Installing build dependencies: finished with status 'done'
#7 10.80   Getting requirements to build wheel: started
#7 12.11   Getting requirements to build wheel: finished with status 'done'
#7 12.11   Preparing metadata (pyproject.toml): started
#7 13.44   Preparing metadata (pyproject.toml): finished with status 'done'
#7 13.45 Building wheels for collected packages: documentation-ai-pdf-cleanup
#7 13.46   Building wheel for documentation-ai-pdf-cleanup (pyproject.toml): started
#7 14.85   Building wheel for documentation-ai-pdf-cleanup (pyproject.toml): finished with status 'done'
#7 14.85   Created wheel for documentation-ai-pdf-cleanup: filename=documentation_ai_pdf_cleanup-0.1.3-py3-none-any.whl size=13780 sha256=c49c11a55132949d536dd1a115a11979757624f257c6a28144430d0809745841
#7 14.85   Stored in directory: /tmp/pip-ephem-wheel-cache-yea5wtqe/wheels/8d/12/84/81fcc682ab81b862264ae83174b9c2292bf58a3d9eb02bf6e6
#7 14.86 Successfully built documentation-ai-pdf-cleanup
#7 15.00 Installing collected packages: documentation-ai-pdf-cleanup
#7 15.00   Attempting uninstall: documentation-ai-pdf-cleanup
#7 15.01     Found existing installation: documentation-ai-pdf-cleanup 0.1.3
#7 15.02     Uninstalling documentation-ai-pdf-cleanup-0.1.3:
#7 15.03       Successfully uninstalled documentation-ai-pdf-cleanup-0.1.3
#7 15.06 Successfully installed documentation-ai-pdf-cleanup-0.1.3
#7 15.06 WARNING: Running pip as the 'root' user can result in broken permissions and conflicting behaviour with the system package manager, possibly rendering your system unusable. It is recommended to use a virtual environment instead: https://pip.pypa.io/warnings/venv. Use the --root-user-action option if you know what you are doing and want to suppress this warning.
#7 16.65 No broken requirements found.
#7 DONE 16.8s

#8 exporting to image
#8 exporting layers
#8 exporting layers 1.5s done
#8 exporting manifest sha256:27677f2e03956fd8608bc600e88726943b7da1a5cecb2d405d86113ec864048b done
#8 exporting config sha256:304f672ca5668a4a0d31f7e653c1c191854ff3b2091fab2b5a684d1b076873cc done
#8 exporting attestation manifest sha256:e459a040f814ca1890bddc40850ca411cf54a0a54d299896490b364fcf874b9b done
#8 exporting manifest list sha256:93ca37d01cdfbb68550cba9d0008aefac52f3b2d6e86ca481e5163fde1ca448e done
#8 naming to docker.io/edge/pdf-cleanup:9c9bbb375751-fonts done
#8 unpacking to docker.io/edge/pdf-cleanup:9c9bbb375751-fonts
#8 unpacking to docker.io/edge/pdf-cleanup:9c9bbb375751-fonts 0.4s done
#8 DONE 2.0s
