{"event": "verify_start", "path": "WA5480 G3/bmc_user_guide_v14.pdf"}
{"event": "review_progress", "file": "acba1574ddaf24faa0eb69644e9114be553ee44f45ce2960d0bcefb66a4539d4.pdf", "page": 50, "pages": 132, "failures": 0}
{"event": "review_progress", "file": "acba1574ddaf24faa0eb69644e9114be553ee44f45ce2960d0bcefb66a4539d4.pdf", "page": 100, "pages": 132, "failures": 0}
{"event": "verify_complete", "path": "WA5480 G3/bmc_user_guide_v14.pdf", "status": "passed", "seconds": 37.076, "error": null}
{"event": "verify_start", "path": "WA5480 G3/lenovo_bmc_event_reference_guide_g5_v4.pdf"}
{"event": "review_progress", "file": "fc4a694ce1574db865fe41a904d185bc85092598a5b6a6d0cbbff739c75411ef.pdf", "page": 50, "pages": 116, "failures": 0}
{"event": "review_progress", "file": "fc4a694ce1574db865fe41a904d185bc85092598a5b6a6d0cbbff739c75411ef.pdf", "page": 100, "pages": 116, "failures": 0}
{"event": "verify_complete", "path": "WA5480 G3/lenovo_bmc_event_reference_guide_g5_v4.pdf", "status": "passed", "seconds": 41.389, "error": null}
{"event": "verify_start", "path": "WA5480 G3/lenovo_bmc_g3_redfish_guide_v11.pdf"}
{"event": "review_progress", "file": "456897573c42b3e7eb767b248e3c588a987b7f23b2a0c70a344e816b91837ee8.pdf", "page": 50, "pages": 423, "failures": 0}
{"event": "review_progress", "file": "456897573c42b3e7eb767b248e3c588a987b7f23b2a0c70a344e816b91837ee8.pdf", "page": 100, "pages": 423, "failures": 0}
{"event": "review_progress", "file": "456897573c42b3e7eb767b248e3c588a987b7f23b2a0c70a344e816b91837ee8.pdf", "page": 150, "pages": 423, "failures": 0}
{"event": "review_progress", "file": "456897573c42b3e7eb767b248e3c588a987b7f23b2a0c70a344e816b91837ee8.pdf", "page": 200, "pages": 423, "failures": 0}
{"event": "review_progress", "file": "456897573c42b3e7eb767b248e3c588a987b7f23b2a0c70a344e816b91837ee8.pdf", "page": 250, "pages": 423, "failures": 0}
{"event": "review_progress", "file": "456897573c42b3e7eb767b248e3c588a987b7f23b2a0c70a344e816b91837ee8.pdf", "page": 300, "pages": 423, "failures": 0}
{"event": "review_progress", "file": "456897573c42b3e7eb767b248e3c588a987b7f23b2a0c70a344e816b91837ee8.pdf", "page": 350, "pages": 423, "failures": 0}
{"event": "review_progress", "file": "456897573c42b3e7eb767b248e3c588a987b7f23b2a0c70a344e816b91837ee8.pdf", "page": 400, "pages": 423, "failures": 0}
{"event": "verify_complete", "path": "WA5480 G3/lenovo_bmc_g3_redfish_guide_v11.pdf", "status": "passed", "seconds": 201.846, "error": null}
{"event": "verify_start", "path": "WA5480 G3/lenovo_snmp_ug_g3.pdf"}
{"event": "verify_complete", "path": "WA5480 G3/lenovo_snmp_ug_g3.pdf", "status": "passed", "seconds": 22.63, "error": null}
{"event": "verify_start", "path": "WA5480 G3/lenovo_wentian_os_installation_guide.pdf"}
{"event": "review_progress", "file": "f5d59ae8c6bfc792ae28160790ce0f673b8d940de86f98ed7e326fb40cfaec17.pdf", "page": 50, "pages": 179, "failures": 0}
{"event": "review_progress", "file": "f5d59ae8c6bfc792ae28160790ce0f673b8d940de86f98ed7e326fb40cfaec17.pdf", "page": 100, "pages": 179, "failures": 0}
{"event": "review_progress", "file": "f5d59ae8c6bfc792ae28160790ce0f673b8d940de86f98ed7e326fb40cfaec17.pdf", "page": 150, "pages": 179, "failures": 0}
{"event": "verify_complete", "path": "WA5480 G3/lenovo_wentian_os_installation_guide.pdf", "status": "passed", "seconds": 46.675, "error": null}
{"event": "verify_start", "path": "WA5480 G3/lenovo_wentian_wa5480g3_user_guide_v8.pdf"}
{"event": "review_progress", "file": "a73e5e450d7b3c9bce074f3d54d9ff249f2f58a71eac214bc2a168ba1e4fecd7.pdf", "page": 50, "pages": 261, "failures": 0}
{"event": "review_progress", "file": "a73e5e450d7b3c9bce074f3d54d9ff249f2f58a71eac214bc2a168ba1e4fecd7.pdf", "page": 100, "pages": 261, "failures": 0}
{"event": "review_progress", "file": "a73e5e450d7b3c9bce074f3d54d9ff249f2f58a71eac214bc2a168ba1e4fecd7.pdf", "page": 150, "pages": 261, "failures": 0}
{"event": "review_progress", "file": "a73e5e450d7b3c9bce074f3d54d9ff249f2f58a71eac214bc2a168ba1e4fecd7.pdf", "page": 200, "pages": 261, "failures": 0}
{"event": "review_progress", "file": "a73e5e450d7b3c9bce074f3d54d9ff249f2f58a71eac214bc2a168ba1e4fecd7.pdf", "page": 250, "pages": 261, "failures": 0}
{"event": "verify_complete", "path": "WA5480 G3/lenovo_wentian_wa5480g3_user_guide_v8.pdf", "status": "passed", "seconds": 101.454, "error": null}
{"event": "verify_start", "path": "WA5480 G3/lxce_bomc_cplus_ug.pdf"}
{"event": "verify_complete", "path": "WA5480 G3/lxce_bomc_cplus_ug.pdf", "status": "passed", "seconds": 6.879, "error": null}
{"event": "verify_start", "path": "WA5480 G3/lxce_onecli_cplus_ug.pdf"}
{"event": "review_progress", "file": "dba774fbccfbd4c2e7e84819f2c213a37af77862be9143344db0f64e7f5e3440.pdf", "page": 50, "pages": 138, "failures": 0}
{"event": "review_progress", "file": "dba774fbccfbd4c2e7e84819f2c213a37af77862be9143344db0f64e7f5e3440.pdf", "page": 100, "pages": 138, "failures": 0}
{"event": "verify_complete", "path": "WA5480 G3/lxce_onecli_cplus_ug.pdf", "status": "passed", "seconds": 46.718, "error": null}
{"event": "verify_start", "path": "WA5480 G3/lxce_ux_cplus_ug.pdf"}
{"event": "verify_complete", "path": "WA5480 G3/lxce_ux_cplus_ug.pdf", "status": "passed", "seconds": 16.904, "error": null}
{"event": "verify_start", "path": "WA5480 G3/lxpm_wentian_ug-v2.pdf"}
{"event": "verify_complete", "path": "WA5480 G3/lxpm_wentian_ug-v2.pdf", "status": "passed", "seconds": 9.021, "error": null}
{"event": "verify_start", "path": "WA5480 G3/psu_label_matrix.pdf"}
{"event": "verify_complete", "path": "WA5480 G3/psu_label_matrix.pdf", "status": "passed", "seconds": 3.418, "error": null}
{"event": "verify_start", "path": "WA5480 G5/lenovo_bmc_commands_g5_v3.pdf"}
{"event": "verify_complete", "path": "WA5480 G5/lenovo_bmc_commands_g5_v3.pdf", "status": "passed", "seconds": 20.894, "error": null}
{"event": "verify_start", "path": "WA5480 G5/lenovo_bmc_event_reference_guide_g5_v4.pdf"}
{"event": "review_progress", "file": "fc4a694ce1574db865fe41a904d185bc85092598a5b6a6d0cbbff739c75411ef.pdf", "page": 50, "pages": 116, "failures": 0}
{"event": "review_progress", "file": "fc4a694ce1574db865fe41a904d185bc85092598a5b6a6d0cbbff739c75411ef.pdf", "page": 100, "pages": 116, "failures": 0}
{"event": "verify_complete", "path": "WA5480 G5/lenovo_bmc_event_reference_guide_g5_v4.pdf", "status": "passed", "seconds": 32.15, "error": null}
{"event": "verify_start", "path": "WA5480 G5/lenovo_bmc_redfish_guide_g5_v4.pdf"}
{"event": "review_progress", "file": "4b9324d1688973cab77c554228600d94a7b1e9cfbc4ba4d6cc91c6f8c28e4656.pdf", "page": 50, "pages": 486, "failures": 0}
{"event": "review_progress", "file": "4b9324d1688973cab77c554228600d94a7b1e9cfbc4ba4d6cc91c6f8c28e4656.pdf", "page": 100, "pages": 486, "failures": 0}
{"event": "review_progress", "file": "4b9324d1688973cab77c554228600d94a7b1e9cfbc4ba4d6cc91c6f8c28e4656.pdf", "page": 150, "pages": 486, "failures": 0}
{"event": "review_progress", "file": "4b9324d1688973cab77c554228600d94a7b1e9cfbc4ba4d6cc91c6f8c28e4656.pdf", "page": 200, "pages": 486, "failures": 0}
{"event": "review_progress", "file": "4b9324d1688973cab77c554228600d94a7b1e9cfbc4ba4d6cc91c6f8c28e4656.pdf", "page": 250, "pages": 486, "failures": 0}
{"event": "review_progress", "file": "4b9324d1688973cab77c554228600d94a7b1e9cfbc4ba4d6cc91c6f8c28e4656.pdf", "page": 300, "pages": 486, "failures": 0}
{"event": "review_progress", "file": "4b9324d1688973cab77c554228600d94a7b1e9cfbc4ba4d6cc91c6f8c28e4656.pdf", "page": 350, "pages": 486, "failures": 0}
{"event": "review_progress", "file": "4b9324d1688973cab77c554228600d94a7b1e9cfbc4ba4d6cc91c6f8c28e4656.pdf", "page": 400, "pages": 486, "failures": 0}
{"event": "review_progress", "file": "4b9324d1688973cab77c554228600d94a7b1e9cfbc4ba4d6cc91c6f8c28e4656.pdf", "page": 450, "pages": 486, "failures": 0}
{"event": "verify_complete", "path": "WA5480 G5/lenovo_bmc_redfish_guide_g5_v4.pdf", "status": "passed", "seconds": 229.076, "error": null}
{"event": "verify_start", "path": "WA5480 G5/lenovo_bmc_snmp_guide_g5.pdf"}
{"event": "verify_complete", "path": "WA5480 G5/lenovo_bmc_snmp_guide_g5.pdf", "status": "passed", "seconds": 23.157, "error": null}
{"event": "verify_start", "path": "WA5480 G5/lenovo_bmc_user_guide_g5_v6.pdf"}
{"event": "review_progress", "file": "f98dcb710ae5f9fa900b3a786afec813f847dde32ca0ea255e7f417148fe9bf1.pdf", "page": 50, "pages": 201, "failures": 0}
{"event": "review_progress", "file": "f98dcb710ae5f9fa900b3a786afec813f847dde32ca0ea255e7f417148fe9bf1.pdf", "page": 100, "pages": 201, "failures": 0}
{"event": "review_progress", "file": "f98dcb710ae5f9fa900b3a786afec813f847dde32ca0ea255e7f417148fe9bf1.pdf", "page": 150, "pages": 201, "failures": 0}
{"event": "review_progress", "file": "f98dcb710ae5f9fa900b3a786afec813f847dde32ca0ea255e7f417148fe9bf1.pdf", "page": 200, "pages": 201, "failures": 0}
{"event": "verify_complete", "path": "WA5480 G5/lenovo_bmc_user_guide_g5_v6.pdf", "status": "passed", "seconds": 46.663, "error": null}
{"event": "verify_start", "path": "WA5480 G5/lenovo_wentian_os_installation_guide.pdf"}
{"event": "review_progress", "file": "f5d59ae8c6bfc792ae28160790ce0f673b8d940de86f98ed7e326fb40cfaec17.pdf", "page": 50, "pages": 179, "failures": 0}
{"event": "review_progress", "file": "f5d59ae8c6bfc792ae28160790ce0f673b8d940de86f98ed7e326fb40cfaec17.pdf", "page": 100, "pages": 179, "failures": 0}
{"event": "review_progress", "file": "f5d59ae8c6bfc792ae28160790ce0f673b8d940de86f98ed7e326fb40cfaec17.pdf", "page": 150, "pages": 179, "failures": 0}
{"event": "verify_complete", "path": "WA5480 G5/lenovo_wentian_os_installation_guide.pdf", "status": "passed", "seconds": 34.507, "error": null}
{"event": "verify_start", "path": "WA5480 G5/lenovo_wentian_wa5480g5_user_guide_v5.pdf"}
{"event": "review_progress", "file": "cd3117ca607c691f2dc57213b9dcecf1d394a8af69cb66bc83094816d74ab89c.pdf", "page": 50, "pages": 271, "failures": 0}
{"event": "review_progress", "file": "cd3117ca607c691f2dc57213b9dcecf1d394a8af69cb66bc83094816d74ab89c.pdf", "page": 100, "pages": 271, "failures": 0}
{"event": "review_progress", "file": "cd3117ca607c691f2dc57213b9dcecf1d394a8af69cb66bc83094816d74ab89c.pdf", "page": 150, "pages": 271, "failures": 0}
{"event": "review_progress", "file": "cd3117ca607c691f2dc57213b9dcecf1d394a8af69cb66bc83094816d74ab89c.pdf", "page": 200, "pages": 271, "failures": 0}
{"event": "review_progress", "file": "cd3117ca607c691f2dc57213b9dcecf1d394a8af69cb66bc83094816d74ab89c.pdf", "page": 250, "pages": 271, "failures": 0}
{"event": "verify_complete", "path": "WA5480 G5/lenovo_wentian_wa5480g5_user_guide_v5.pdf", "status": "passed", "seconds": 119.302, "error": null}
{"event": "verify_start", "path": "WA5480 G5/lxce_bomc_cplus_ug.pdf"}
{"event": "verify_complete", "path": "WA5480 G5/lxce_bomc_cplus_ug.pdf", "status": "passed", "seconds": 6.389, "error": null}
{"event": "verify_start", "path": "WA5480 G5/lxce_onecli_cplus_ug.pdf"}
{"event": "review_progress", "file": "dba774fbccfbd4c2e7e84819f2c213a37af77862be9143344db0f64e7f5e3440.pdf", "page": 50, "pages": 138, "failures": 0}
{"event": "review_progress", "file": "dba774fbccfbd4c2e7e84819f2c213a37af77862be9143344db0f64e7f5e3440.pdf", "page": 100, "pages": 138, "failures": 0}
{"event": "verify_complete", "path": "WA5480 G5/lxce_onecli_cplus_ug.pdf", "status": "passed", "seconds": 38.048, "error": null}
{"event": "verify_start", "path": "WA5480 G5/lxce_ux_cplus_ug.pdf"}
{"event": "verify_complete", "path": "WA5480 G5/lxce_ux_cplus_ug.pdf", "status": "passed", "seconds": 24.933, "error": null}
{"event": "verify_start", "path": "WA5480 G5/lxpm_wentian_ug-v2.pdf"}
{"event": "verify_complete", "path": "WA5480 G5/lxpm_wentian_ug-v2.pdf", "status": "passed", "seconds": 10.336, "error": null}
{"event": "verify_start", "path": "WA5480 G5/psu_label_matrix.pdf"}
{"event": "verify_complete", "path": "WA5480 G5/psu_label_matrix.pdf", "status": "passed", "seconds": 2.54, "error": null}
{"event": "verify_start", "path": "WA5480 G5/wa5480g5_bios_setup_spec.pdf"}
{"event": "review_progress", "file": "99dfa6d7f2e6f5d459202047f5ea0a405ced71dd5de8114b447ef0f2afb4325f.pdf", "page": 50, "pages": 81, "failures": 0}
{"event": "verify_complete", "path": "WA5480 G5/wa5480g5_bios_setup_spec.pdf", "status": "passed", "seconds": 36.619, "error": null}
{"event": "verify_start", "path": "WA5680 G3/lenovo_wentian_wa5680g3_user_guide.pdf"}
{"event": "review_progress", "file": "fe6bafcd127777fe95f0f46fcea690d22ab78331853450d6b990f674575774d2.pdf", "page": 50, "pages": 128, "failures": 0}
{"event": "review_progress", "file": "fe6bafcd127777fe95f0f46fcea690d22ab78331853450d6b990f674575774d2.pdf", "page": 100, "pages": 128, "failures": 0}
{"event": "verify_complete", "path": "WA5680 G3/lenovo_wentian_wa5680g3_user_guide.pdf", "status": "passed", "seconds": 48.786, "error": null}
{"event": "verify_start", "path": "WA5680 G5/lenovo_wentian_wa5680g5_bios_setup_spec_v2.4.pdf"}
{"event": "review_progress", "file": "3c609ad9bf3030f51bba4df5bdf18ead5671b77273903a4073db75fa2d132a45.pdf", "page": 50, "pages": 98, "failures": 0}
{"event": "verify_complete", "path": "WA5680 G5/lenovo_wentian_wa5680g5_bios_setup_spec_v2.4.pdf", "status": "passed", "seconds": 42.667, "error": null}
{"event": "verify_start", "path": "WA5680 G5/lenovo_wentian_wa5680g5_user_guide.pdf"}
{"event": "review_progress", "file": "832ee58c3b7faf06dc746ba1289128abc71ff1147945504f9c86ebe888cacf1b.pdf", "page": 50, "pages": 205, "failures": 0}
{"event": "review_progress", "file": "832ee58c3b7faf06dc746ba1289128abc71ff1147945504f9c86ebe888cacf1b.pdf", "page": 100, "pages": 205, "failures": 0}
{"event": "review_progress", "file": "832ee58c3b7faf06dc746ba1289128abc71ff1147945504f9c86ebe888cacf1b.pdf", "page": 150, "pages": 205, "failures": 0}
{"event": "review_progress", "file": "832ee58c3b7faf06dc746ba1289128abc71ff1147945504f9c86ebe888cacf1b.pdf", "page": 200, "pages": 205, "failures": 0}
{"event": "verify_complete", "path": "WA5680 G5/lenovo_wentian_wa5680g5_user_guide.pdf", "status": "passed", "seconds": 67.939, "error": null}
{"event": "verify_start", "path": "WA5680 G5/lp2469.pdf"}
{"event": "review_progress", "file": "3b6c0e4abca685abe7685eba74fe129d2806d243daa52f90380d5d74652f33c1.pdf", "page": 50, "pages": 111, "failures": 0}
{"event": "review_progress", "file": "3b6c0e4abca685abe7685eba74fe129d2806d243daa52f90380d5d74652f33c1.pdf", "page": 100, "pages": 111, "failures": 0}
{"event": "verify_complete", "path": "WA5680 G5/lp2469.pdf", "status": "passed", "seconds": 67.691, "error": null}
{"event": "verify_start", "path": "WA5680 G5/lp2506.pdf"}
fontTools is required to fully parse the encoding of a CFF Type1 font in font dictionary {'/BaseFont': '/OLNWUR+Gotham-Book', '/Encoding': '/WinAnsiEncoding', '/FirstChar': 32, '/FontDescriptor': IndirectObject(110, 0, 127255965667152), '/LastChar': 215, '/Subtype': '/Type1', '/Type': '/Font', '/Widths': [300, 0, 0, 0, 0, 0, 0, 0, 434, 434, 0, 625, 245, 0, 244, 508, 715, 358, 599, 613, 671, 612, 647, 596, 630, 0, 0, 255, 0, 0, 0, 0, 0, 790, 722, 742, 782, 670, 656, 784, 760, 291, 0, 0, 615, 868, 790, 850, 668, 0, 723, 640, 641, 759, 750, 1107, 725, 0, 0, 0, 0, 0, 0, 0, 0, 0, 0, 0, 0, 592, 0, 0, 616, 263, 0, 569, 263, 948, 616, 646, 0, 0, 0, 498, 404, 0, 587, 0, 574, 591, 556, 0, 0, 0, 473, 0, 0, 0, 0, 0, 0, 0, 0, 0, 0, 0, 0, 0, 0, 0, 0, 0, 0, 0, 0, 445, 445, 0, 0, 0, 0, 0, 0, 0, 0, 0, 0, 0, 0, 0, 0, 0, 0, 0, 0, 0, 0, 830, 0, 0, 0, 0, 403, 0, 0, 0, 0, 0, 0, 0, 0, 0, 0, 0, 0, 0, 0, 0, 0, 0, 0, 0, 0, 0, 0, 0, 0, 0, 0, 0, 0, 0, 0, 0, 0, 0, 0, 0, 0, 0, 0, 0, 0, 625]}, but is not installed. Consider installing fontTools if you encounter encoding problems.
fontTools is required to fully parse the encoding of a CFF Type1 font in font dictionary {'/BaseFont': '/XJWYQZ+Gotham-Bold', '/Encoding': '/WinAnsiEncoding', '/FirstChar': 32, '/FontDescriptor': IndirectObject(111, 0, 127255965667152), '/LastChar': 87, '/Subtype': '/Type1', '/Type': '/Font', '/Widths': [300, 0, 0, 0, 0, 0, 0, 0, 0, 0, 0, 0, 0, 0, 0, 0, 730, 0, 0, 0, 0, 630, 662, 0, 630, 0, 0, 0, 0, 0, 0, 0, 0, 790, 0, 0, 0, 0, 0, 784, 0, 0, 0, 0, 0, 0, 0, 0, 0, 0, 0, 0, 0, 0, 0, 1122]}, but is not installed. Consider installing fontTools if you encounter encoding problems.
fontTools is required to fully parse the encoding of a CFF Type1 font in font dictionary {'/BaseFont': '/OLNWUR+Gotham-Book', '/Encoding': '/WinAnsiEncoding', '/FirstChar': 32, '/FontDescriptor': IndirectObject(110, 0, 127255965667152), '/LastChar': 215, '/Subtype': '/Type1', '/Type': '/Font', '/Widths': [300, 0, 0, 0, 0, 0, 0, 0, 434, 434, 0, 625, 245, 0, 244, 508, 715, 358, 599, 613, 671, 612, 647, 596, 630, 0, 0, 255, 0, 0, 0, 0, 0, 790, 722, 742, 782, 670, 656, 784, 760, 291, 0, 0, 615, 868, 790, 850, 668, 0, 723, 640, 641, 759, 750, 1107, 725, 0, 0, 0, 0, 0, 0, 0, 0, 0, 0, 0, 0, 592, 0, 0, 616, 263, 0, 569, 263, 948, 616, 646, 0, 0, 0, 498, 404, 0, 587, 0, 574, 591, 556, 0, 0, 0, 473, 0, 0, 0, 0, 0, 0, 0, 0, 0, 0, 0, 0, 0, 0, 0, 0, 0, 0, 0, 0, 445, 445, 0, 0, 0, 0, 0, 0, 0, 0, 0, 0, 0, 0, 0, 0, 0, 0, 0, 0, 0, 0, 830, 0, 0, 0, 0, 403, 0, 0, 0, 0, 0, 0, 0, 0, 0, 0, 0, 0, 0, 0, 0, 0, 0, 0, 0, 0, 0, 0, 0, 0, 0, 0, 0, 0, 0, 0, 0, 0, 0, 0, 0, 0, 0, 0, 0, 0, 625]}, but is not installed. Consider installing fontTools if you encounter encoding problems.
fontTools is required to fully parse the encoding of a CFF Type1 font in font dictionary {'/BaseFont': '/TDYAMH+Gotham-Medium', '/Encoding': '/WinAnsiEncoding', '/FirstChar': 32, '/FontDescriptor': IndirectObject(120, 0, 127255965667152), '/LastChar': 57, '/Subtype': '/Type1', '/Type': '/Font', '/Widths': [300, 0, 0, 0, 0, 0, 0, 0, 0, 0, 0, 0, 0, 0, 0, 0, 724, 396, 0, 0, 681, 0, 656, 609, 630, 656]}, but is not installed. Consider installing fontTools if you encounter encoding problems.
fontTools is required to fully parse the encoding of a CFF Type1 font in font dictionary {'/Type': '/Font', '/Subtype': '/Type1', '/BaseFont': '/OLNWUR+Gotham-Book', '/Encoding': '/WinAnsiEncoding', '/FirstChar': 32, '/FontDescriptor': IndirectObject(33, 0, 127255965667392), '/LastChar': 215, '/Widths': [300, 0, 0, 0, 0, 0, 0, 0, 434, 434, 0, 625, 245, 0, 244, 508, 715, 358, 599, 613, 671, 612, 647, 596, 630, 0, 0, 255, 0, 0, 0, 0, 0, 790, 722, 742, 782, 670, 656, 784, 760, 291, 0, 0, 615, 868, 790, 850, 668, 0, 723, 640, 641, 759, 750, 1107, 725, 0, 0, 0, 0, 0, 0, 0, 0, 0, 0, 0, 0, 592, 0, 0, 616, 263, 0, 569, 263, 948, 616, 646, 0, 0, 0, 498, 404, 0, 587, 0, 574, 591, 556, 0, 0, 0, 473, 0, 0, 0, 0, 0, 0, 0, 0, 0, 0, 0, 0, 0, 0, 0, 0, 0, 0, 0, 0, 445, 445, 0, 0, 0, 0, 0, 0, 0, 0, 0, 0, 0, 0, 0, 0, 0, 0, 0, 0, 0, 0, 830, 0, 0, 0, 0, 403, 0, 0, 0, 0, 0, 0, 0, 0, 0, 0, 0, 0, 0, 0, 0, 0, 0, 0, 0, 0, 0, 0, 0, 0, 0, 0, 0, 0, 0, 0, 0, 0, 0, 0, 0, 0, 0, 0, 0, 0, 625]}, but is not installed. Consider installing fontTools if you encounter encoding problems.
fontTools is required to fully parse the encoding of a CFF Type1 font in font dictionary {'/Type': '/Font', '/Subtype': '/Type1', '/BaseFont': '/XJWYQZ+Gotham-Bold', '/Encoding': '/WinAnsiEncoding', '/FirstChar': 32, '/FontDescriptor': IndirectObject(34, 0, 127255965667392), '/LastChar': 87, '/Widths': [300, 0, 0, 0, 0, 0, 0, 0, 0, 0, 0, 0, 0, 0, 0, 0, 730, 0, 0, 0, 0, 630, 662, 0, 630, 0, 0, 0, 0, 0, 0, 0, 0, 790, 0, 0, 0, 0, 0, 784, 0, 0, 0, 0, 0, 0, 0, 0, 0, 0, 0, 0, 0, 0, 0, 1122]}, but is not installed. Consider installing fontTools if you encounter encoding problems.
fontTools is required to fully parse the encoding of a CFF Type1 font in font dictionary {'/Type': '/Font', '/Subtype': '/Type1', '/BaseFont': '/OLNWUR+Gotham-Book', '/Encoding': '/WinAnsiEncoding', '/FirstChar': 32, '/FontDescriptor': IndirectObject(33, 0, 127255965667392), '/LastChar': 215, '/Widths': [300, 0, 0, 0, 0, 0, 0, 0, 434, 434, 0, 625, 245, 0, 244, 508, 715, 358, 599, 613, 671, 612, 647, 596, 630, 0, 0, 255, 0, 0, 0, 0, 0, 790, 722, 742, 782, 670, 656, 784, 760, 291, 0, 0, 615, 868, 790, 850, 668, 0, 723, 640, 641, 759, 750, 1107, 725, 0, 0, 0, 0, 0, 0, 0, 0, 0, 0, 0, 0, 592, 0, 0, 616, 263, 0, 569, 263, 948, 616, 646, 0, 0, 0, 498, 404, 0, 587, 0, 574, 591, 556, 0, 0, 0, 473, 0, 0, 0, 0, 0, 0, 0, 0, 0, 0, 0, 0, 0, 0, 0, 0, 0, 0, 0, 0, 445, 445, 0, 0, 0, 0, 0, 0, 0, 0, 0, 0, 0, 0, 0, 0, 0, 0, 0, 0, 0, 0, 830, 0, 0, 0, 0, 403, 0, 0, 0, 0, 0, 0, 0, 0, 0, 0, 0, 0, 0, 0, 0, 0, 0, 0, 0, 0, 0, 0, 0, 0, 0, 0, 0, 0, 0, 0, 0, 0, 0, 0, 0, 0, 0, 0, 0, 0, 625]}, but is not installed. Consider installing fontTools if you encounter encoding problems.
fontTools is required to fully parse the encoding of a CFF Type1 font in font dictionary {'/Type': '/Font', '/Subtype': '/Type1', '/BaseFont': '/TDYAMH+Gotham-Medium', '/Encoding': '/WinAnsiEncoding', '/FirstChar': 32, '/FontDescriptor': IndirectObject(41, 0, 127255965667392), '/LastChar': 57, '/Widths': [300, 0, 0, 0, 0, 0, 0, 0, 0, 0, 0, 0, 0, 0, 0, 0, 724, 396, 0, 0, 681, 0, 656, 609, 630, 656]}, but is not installed. Consider installing fontTools if you encounter encoding problems.
{"event": "verify_complete", "path": "WA5680 G5/lp2506.pdf", "status": "passed", "seconds": 4.614, "error": null}
{"event": "verify_start", "path": "WA5685 G5/lp2399.pdf"}
{"event": "review_progress", "file": "7961a03be1e76faa6fcc10bd2cac2520381c00f41243a1aa6b718d7242da4fd1.pdf", "page": 50, "pages": 57, "failures": 0}
{"event": "verify_complete", "path": "WA5685 G5/lp2399.pdf", "status": "passed", "seconds": 28.019, "error": null}
{"event": "verify_start", "path": "WA5685 G5/lp2507.pdf"}
fontTools is required to fully parse the encoding of a CFF Type1 font in font dictionary {'/BaseFont': '/ZBCWHZ+Gotham-Book', '/Encoding': IndirectObject(173, 0, 127255965669792), '/FirstChar': 31, '/FontDescriptor': IndirectObject(174, 0, 127255965669792), '/LastChar': 215, '/Subtype': '/Type1', '/Type': '/Font', '/Widths': [631, 300, 0, 0, 0, 0, 834, 0, 0, 0, 0, 430, 625, 0, 408, 244, 508, 715, 358, 599, 613, 671, 612, 647, 596, 630, 647, 0, 0, 0, 0, 0, 0, 0, 790, 722, 742, 782, 670, 0, 784, 760, 291, 0, 719, 615, 868, 790, 850, 668, 0, 723, 640, 641, 759, 750, 1107, 0, 716, 0, 0, 0, 0, 0, 0, 0, 579, 664, 571, 664, 592, 367, 0, 616, 263, 0, 569, 263, 948, 616, 646, 664, 0, 405, 498, 404, 616, 587, 861, 574, 591, 0, 0, 0, 0, 473, 0, 0, 0, 0, 0, 0, 0, 0, 0, 0, 0, 0, 0, 0, 0, 0, 0, 0, 0, 0, 0, 0, 478, 0, 0, 0, 690, 0, 0, 0, 0, 0, 0, 0, 0, 0, 0, 0, 0, 0, 0, 0, 830, 0, 0, 0, 0, 0, 0, 458, 0, 0, 0, 0, 0, 0, 244, 0, 0, 0, 0, 0, 0, 0, 0, 0, 0, 0, 0, 0, 0, 0, 0, 0, 0, 0, 0, 0, 0, 0, 0, 0, 0, 0, 0, 0, 0, 0, 625]}, but is not installed. Consider installing fontTools if you encounter encoding problems.
fontTools is required to fully parse the encoding of a CFF Type1 font in font dictionary {'/BaseFont': '/BMZDEV+Gotham-Bold', '/Encoding': '/WinAnsiEncoding', '/FirstChar': 32, '/FontDescriptor': IndirectObject(175, 0, 127255965669792), '/LastChar': 87, '/Subtype': '/Type1', '/Type': '/Font', '/Widths': [300, 0, 0, 0, 0, 0, 0, 0, 0, 0, 0, 0, 0, 0, 0, 0, 0, 0, 0, 0, 0, 630, 662, 0, 630, 0, 0, 0, 0, 0, 0, 0, 0, 790, 0, 0, 0, 0, 0, 784, 0, 0, 0, 0, 0, 0, 0, 0, 0, 0, 0, 0, 0, 0, 0, 1122]}, but is not installed. Consider installing fontTools if you encounter encoding problems.
fontTools is required to fully parse the encoding of a CFF Type1 font in font dictionary {'/BaseFont': '/ZBCWHZ+Gotham-Book', '/Encoding': IndirectObject(173, 0, 127255965669792), '/FirstChar': 31, '/FontDescriptor': IndirectObject(174, 0, 127255965669792), '/LastChar': 215, '/Subtype': '/Type1', '/Type': '/Font', '/Widths': [631, 300, 0, 0, 0, 0, 834, 0, 0, 0, 0, 430, 625, 0, 408, 244, 508, 715, 358, 599, 613, 671, 612, 647, 596, 630, 647, 0, 0, 0, 0, 0, 0, 0, 790, 722, 742, 782, 670, 0, 784, 760, 291, 0, 719, 615, 868, 790, 850, 668, 0, 723, 640, 641, 759, 750, 1107, 0, 716, 0, 0, 0, 0, 0, 0, 0, 579, 664, 571, 664, 592, 367, 0, 616, 263, 0, 569, 263, 948, 616, 646, 664, 0, 405, 498, 404, 616, 587, 861, 574, 591, 0, 0, 0, 0, 473, 0, 0, 0, 0, 0, 0, 0, 0, 0, 0, 0, 0, 0, 0, 0, 0, 0, 0, 0, 0, 0, 0, 478, 0, 0, 0, 690, 0, 0, 0, 0, 0, 0, 0, 0, 0, 0, 0, 0, 0, 0, 0, 830, 0, 0, 0, 0, 0, 0, 458, 0, 0, 0, 0, 0, 0, 244, 0, 0, 0, 0, 0, 0, 0, 0, 0, 0, 0, 0, 0, 0, 0, 0, 0, 0, 0, 0, 0, 0, 0, 0, 0, 0, 0, 0, 0, 0, 0, 625]}, but is not installed. Consider installing fontTools if you encounter encoding problems.
fontTools is required to fully parse the encoding of a CFF Type1 font in font dictionary {'/BaseFont': '/XGBFAD+Gotham-Medium', '/Encoding': '/WinAnsiEncoding', '/FirstChar': 32, '/FontDescriptor': IndirectObject(185, 0, 127255965669792), '/LastChar': 57, '/Subtype': '/Type1', '/Type': '/Font', '/Widths': [300, 0, 0, 0, 0, 0, 0, 0, 0, 0, 0, 0, 0, 0, 0, 0, 724, 396, 0, 0, 681, 0, 656, 609, 630, 656]}, but is not installed. Consider installing fontTools if you encounter encoding problems.
fontTools is required to fully parse the encoding of a CFF Type1 font in font dictionary {'/Type': '/Font', '/Subtype': '/Type1', '/BaseFont': '/ZBCWHZ+Gotham-Book', '/Encoding': IndirectObject(38, 0, 127255965669312), '/FirstChar': 31, '/FontDescriptor': IndirectObject(39, 0, 127255965669312), '/LastChar': 215, '/Widths': [631, 300, 0, 0, 0, 0, 834, 0, 0, 0, 0, 430, 625, 0, 408, 244, 508, 715, 358, 599, 613, 671, 612, 647, 596, 630, 647, 0, 0, 0, 0, 0, 0, 0, 790, 722, 742, 782, 670, 0, 784, 760, 291, 0, 719, 615, 868, 790, 850, 668, 0, 723, 640, 641, 759, 750, 1107, 0, 716, 0, 0, 0, 0, 0, 0, 0, 579, 664, 571, 664, 592, 367, 0, 616, 263, 0, 569, 263, 948, 616, 646, 664, 0, 405, 498, 404, 616, 587, 861, 574, 591, 0, 0, 0, 0, 473, 0, 0, 0, 0, 0, 0, 0, 0, 0, 0, 0, 0, 0, 0, 0, 0, 0, 0, 0, 0, 0, 0, 478, 0, 0, 0, 690, 0, 0, 0, 0, 0, 0, 0, 0, 0, 0, 0, 0, 0, 0, 0, 830, 0, 0, 0, 0, 0, 0, 458, 0, 0, 0, 0, 0, 0, 244, 0, 0, 0, 0, 0, 0, 0, 0, 0, 0, 0, 0, 0, 0, 0, 0, 0, 0, 0, 0, 0, 0, 0, 0, 0, 0, 0, 0, 0, 0, 0, 625]}, but is not installed. Consider installing fontTools if you encounter encoding problems.
fontTools is required to fully parse the encoding of a CFF Type1 font in font dictionary {'/Type': '/Font', '/Subtype': '/Type1', '/BaseFont': '/BMZDEV+Gotham-Bold', '/Encoding': '/WinAnsiEncoding', '/FirstChar': 32, '/FontDescriptor': IndirectObject(40, 0, 127255965669312), '/LastChar': 87, '/Widths': [300, 0, 0, 0, 0, 0, 0, 0, 0, 0, 0, 0, 0, 0, 0, 0, 0, 0, 0, 0, 0, 630, 662, 0, 630, 0, 0, 0, 0, 0, 0, 0, 0, 790, 0, 0, 0, 0, 0, 784, 0, 0, 0, 0, 0, 0, 0, 0, 0, 0, 0, 0, 0, 0, 0, 1122]}, but is not installed. Consider installing fontTools if you encounter encoding problems.
fontTools is required to fully parse the encoding of a CFF Type1 font in font dictionary {'/Type': '/Font', '/Subtype': '/Type1', '/BaseFont': '/ZBCWHZ+Gotham-Book', '/Encoding': IndirectObject(38, 0, 127255965669312), '/FirstChar': 31, '/FontDescriptor': IndirectObject(39, 0, 127255965669312), '/LastChar': 215, '/Widths': [631, 300, 0, 0, 0, 0, 834, 0, 0, 0, 0, 430, 625, 0, 408, 244, 508, 715, 358, 599, 613, 671, 612, 647, 596, 630, 647, 0, 0, 0, 0, 0, 0, 0, 790, 722, 742, 782, 670, 0, 784, 760, 291, 0, 719, 615, 868, 790, 850, 668, 0, 723, 640, 641, 759, 750, 1107, 0, 716, 0, 0, 0, 0, 0, 0, 0, 579, 664, 571, 664, 592, 367, 0, 616, 263, 0, 569, 263, 948, 616, 646, 664, 0, 405, 498, 404, 616, 587, 861, 574, 591, 0, 0, 0, 0, 473, 0, 0, 0, 0, 0, 0, 0, 0, 0, 0, 0, 0, 0, 0, 0, 0, 0, 0, 0, 0, 0, 0, 478, 0, 0, 0, 690, 0, 0, 0, 0, 0, 0, 0, 0, 0, 0, 0, 0, 0, 0, 0, 830, 0, 0, 0, 0, 0, 0, 458, 0, 0, 0, 0, 0, 0, 244, 0, 0, 0, 0, 0, 0, 0, 0, 0, 0, 0, 0, 0, 0, 0, 0, 0, 0, 0, 0, 0, 0, 0, 0, 0, 0, 0, 0, 0, 0, 0, 625]}, but is not installed. Consider installing fontTools if you encounter encoding problems.
fontTools is required to fully parse the encoding of a CFF Type1 font in font dictionary {'/Type': '/Font', '/Subtype': '/Type1', '/BaseFont': '/XGBFAD+Gotham-Medium', '/Encoding': '/WinAnsiEncoding', '/FirstChar': 32, '/FontDescriptor': IndirectObject(48, 0, 127255965669312), '/LastChar': 57, '/Widths': [300, 0, 0, 0, 0, 0, 0, 0, 0, 0, 0, 0, 0, 0, 0, 0, 724, 396, 0, 0, 681, 0, 656, 609, 630, 656]}, but is not installed. Consider installing fontTools if you encounter encoding problems.
{"event": "verify_complete", "path": "WA5685 G5/lp2507.pdf", "status": "passed", "seconds": 1.315, "error": null}
{"event": "verify_start", "path": "WA5685 G5/wa5685g5_user_guide.pdf"}
{"event": "review_progress", "file": "f37f6776f2ad81999742d5e01b5d9b78060cb762de5fff910b2f3be1d760b421.pdf", "page": 50, "pages": 130, "failures": 0}
{"event": "review_progress", "file": "f37f6776f2ad81999742d5e01b5d9b78060cb762de5fff910b2f3be1d760b421.pdf", "page": 100, "pages": 130, "failures": 0}
{"event": "verify_complete", "path": "WA5685 G5/wa5685g5_user_guide.pdf", "status": "passed", "seconds": 49.745, "error": null}
{"event": "verify_start", "path": "WA7780 G3/lenovo_wentian_wa7780g3_bios_user_guide.pdf"}
{"event": "verify_complete", "path": "WA7780 G3/lenovo_wentian_wa7780g3_bios_user_guide.pdf", "status": "passed", "seconds": 12.111, "error": null}
{"event": "verify_start", "path": "WA7780 G3/lenovo_wentian_wa7780g3_user_guide.pdf"}
{"event": "review_progress", "file": "1718c6d1094bf50a54550fdb191f628875da094b0fbda8f2f147305dbc740f4b.pdf", "page": 50, "pages": 100, "failures": 0}
{"event": "review_progress", "file": "1718c6d1094bf50a54550fdb191f628875da094b0fbda8f2f147305dbc740f4b.pdf", "page": 100, "pages": 100, "failures": 0}
{"event": "verify_complete", "path": "WA7780 G3/lenovo_wentian_wa7780g3_user_guide.pdf", "status": "passed", "seconds": 323.318, "error": null}
{"event": "verify_start", "path": "WA7785a G3/lenovo_wentian_wa7785ag3_bios_user_guide.pdf"}
{"event": "verify_complete", "path": "WA7785a G3/lenovo_wentian_wa7785ag3_bios_user_guide.pdf", "status": "passed", "seconds": 13.383, "error": null}
{"event": "verify_start", "path": "WA7785a G3/lenovo_wentian_wa7785ag3_user_guide.pdf"}
{"event": "review_progress", "file": "3a1f7a48df92df1fd415741656cc5294ca26a8e5ab4f3839da557c0189c0e35e.pdf", "page": 50, "pages": 98, "failures": 0}
{"event": "verify_complete", "path": "WA7785a G3/lenovo_wentian_wa7785ag3_user_guide.pdf", "status": "passed", "seconds": 329.434, "error": null}
{"event": "verify_start", "path": "WA7880a G3/lenovo_wentian_wa7880ag3_user_guide.pdf"}
{"event": "review_progress", "file": "59de6ab16247b3c5dde9fbb612103ee046b9a377c0280544f16eb9e62dd28cf8.pdf", "page": 50, "pages": 151, "failures": 0}
{"event": "review_progress", "file": "59de6ab16247b3c5dde9fbb612103ee046b9a377c0280544f16eb9e62dd28cf8.pdf", "page": 100, "pages": 151, "failures": 0}
{"event": "review_progress", "file": "59de6ab16247b3c5dde9fbb612103ee046b9a377c0280544f16eb9e62dd28cf8.pdf", "page": 150, "pages": 151, "failures": 0}
{"event": "verify_complete", "path": "WA7880a G3/lenovo_wentian_wa7880ag3_user_guide.pdf", "status": "passed", "seconds": 78.977, "error": null}
{"event": "verify_start", "path": "WR3220 G5/lenovo_wentian_wr3220g5_user_guide.pdf"}
{"event": "review_progress", "file": "99efac6f9ffd874876c250ecf117e94d0ee8259b4cbcab1b735c432c1268b11b.pdf", "page": 50, "pages": 205, "failures": 0}
{"event": "review_progress", "file": "99efac6f9ffd874876c250ecf117e94d0ee8259b4cbcab1b735c432c1268b11b.pdf", "page": 100, "pages": 205, "failures": 0}
{"event": "review_progress", "file": "99efac6f9ffd874876c250ecf117e94d0ee8259b4cbcab1b735c432c1268b11b.pdf", "page": 150, "pages": 205, "failures": 0}
{"event": "review_progress", "file": "99efac6f9ffd874876c250ecf117e94d0ee8259b4cbcab1b735c432c1268b11b.pdf", "page": 200, "pages": 205, "failures": 0}
{"event": "verify_complete", "path": "WR3220 G5/lenovo_wentian_wr3220g5_user_guide.pdf", "status": "passed", "seconds": 67.397, "error": null}
{"event": "verify_start", "path": "WR3220 G5/lp2440.pdf"}
{"event": "review_progress", "file": "71dc6f591f4cbee1e237fda4ef716499b3024d7336c56349e076e1ae979eb591.pdf", "page": 50, "pages": 73, "failures": 0}
{"event": "verify_complete", "path": "WR3220 G5/lp2440.pdf", "status": "passed", "seconds": 27.021, "error": null}
{"event": "verify_start", "path": "WR3220 G5/lxce_bomc_cplus_ug.pdf"}
{"event": "verify_complete", "path": "WR3220 G5/lxce_bomc_cplus_ug.pdf", "status": "passed", "seconds": 4.835, "error": null}
{"event": "verify_start", "path": "WR3220 G5/lxce_onecli_cplus_ug.pdf"}
{"event": "review_progress", "file": "dba774fbccfbd4c2e7e84819f2c213a37af77862be9143344db0f64e7f5e3440.pdf", "page": 50, "pages": 138, "failures": 0}
{"event": "review_progress", "file": "dba774fbccfbd4c2e7e84819f2c213a37af77862be9143344db0f64e7f5e3440.pdf", "page": 100, "pages": 138, "failures": 0}
{"event": "verify_complete", "path": "WR3220 G5/lxce_onecli_cplus_ug.pdf", "status": "passed", "seconds": 29.824, "error": null}
{"event": "verify_start", "path": "WR3220 G5/lxce_ux_cplus_ug.pdf"}
{"event": "verify_complete", "path": "WR3220 G5/lxce_ux_cplus_ug.pdf", "status": "passed", "seconds": 19.308, "error": null}
{"event": "verify_start", "path": "WR5215 G5/lenovo_bmc_commands_g5_v3.pdf"}
{"event": "verify_complete", "path": "WR5215 G5/lenovo_bmc_commands_g5_v3.pdf", "status": "passed", "seconds": 14.498, "error": null}
{"event": "verify_start", "path": "WR5215 G5/lenovo_bmc_redfish_guide_g5_v4.pdf"}
{"event": "review_progress", "file": "4b9324d1688973cab77c554228600d94a7b1e9cfbc4ba4d6cc91c6f8c28e4656.pdf", "page": 50, "pages": 486, "failures": 0}
{"event": "review_progress", "file": "4b9324d1688973cab77c554228600d94a7b1e9cfbc4ba4d6cc91c6f8c28e4656.pdf", "page": 100, "pages": 486, "failures": 0}
{"event": "review_progress", "file": "4b9324d1688973cab77c554228600d94a7b1e9cfbc4ba4d6cc91c6f8c28e4656.pdf", "page": 150, "pages": 486, "failures": 0}
{"event": "review_progress", "file": "4b9324d1688973cab77c554228600d94a7b1e9cfbc4ba4d6cc91c6f8c28e4656.pdf", "page": 200, "pages": 486, "failures": 0}
{"event": "review_progress", "file": "4b9324d1688973cab77c554228600d94a7b1e9cfbc4ba4d6cc91c6f8c28e4656.pdf", "page": 250, "pages": 486, "failures": 0}
{"event": "review_progress", "file": "4b9324d1688973cab77c554228600d94a7b1e9cfbc4ba4d6cc91c6f8c28e4656.pdf", "page": 300, "pages": 486, "failures": 0}
{"event": "review_progress", "file": "4b9324d1688973cab77c554228600d94a7b1e9cfbc4ba4d6cc91c6f8c28e4656.pdf", "page": 350, "pages": 486, "failures": 0}
{"event": "review_progress", "file": "4b9324d1688973cab77c554228600d94a7b1e9cfbc4ba4d6cc91c6f8c28e4656.pdf", "page": 400, "pages": 486, "failures": 0}
{"event": "review_progress", "file": "4b9324d1688973cab77c554228600d94a7b1e9cfbc4ba4d6cc91c6f8c28e4656.pdf", "page": 450, "pages": 486, "failures": 0}
{"event": "verify_complete", "path": "WR5215 G5/lenovo_bmc_redfish_guide_g5_v4.pdf", "status": "passed", "seconds": 185.85, "error": null}
{"event": "verify_start", "path": "WR5215 G5/lenovo_bmc_snmp_guide_g5.pdf"}
{"event": "verify_complete", "path": "WR5215 G5/lenovo_bmc_snmp_guide_g5.pdf", "status": "passed", "seconds": 18.253, "error": null}
{"event": "verify_start", "path": "WR5215 G5/lenovo_bmc_user_guide_g5_v6.pdf"}
{"event": "review_progress", "file": "f98dcb710ae5f9fa900b3a786afec813f847dde32ca0ea255e7f417148fe9bf1.pdf", "page": 50, "pages": 201, "failures": 0}
{"event": "review_progress", "file": "f98dcb710ae5f9fa900b3a786afec813f847dde32ca0ea255e7f417148fe9bf1.pdf", "page": 100, "pages": 201, "failures": 0}
{"event": "review_progress", "file": "f98dcb710ae5f9fa900b3a786afec813f847dde32ca0ea255e7f417148fe9bf1.pdf", "page": 150, "pages": 201, "failures": 0}
{"event": "review_progress", "file": "f98dcb710ae5f9fa900b3a786afec813f847dde32ca0ea255e7f417148fe9bf1.pdf", "page": 200, "pages": 201, "failures": 0}
{"event": "verify_complete", "path": "WR5215 G5/lenovo_bmc_user_guide_g5_v6.pdf", "status": "passed", "seconds": 33.866, "error": null}
{"event": "verify_start", "path": "WR5215 G5/lenovo_wentian_wr5215g5_user_guide_v2.pdf"}
{"event": "review_progress", "file": "cab45cdf5408097b3eeef87c0eee393139aef48a53252cf354b9d90c455275b9.pdf", "page": 50, "pages": 269, "failures": 0}
{"event": "review_progress", "file": "cab45cdf5408097b3eeef87c0eee393139aef48a53252cf354b9d90c455275b9.pdf", "page": 100, "pages": 269, "failures": 0}
{"event": "review_progress", "file": "cab45cdf5408097b3eeef87c0eee393139aef48a53252cf354b9d90c455275b9.pdf", "page": 150, "pages": 269, "failures": 0}
{"event": "review_progress", "file": "cab45cdf5408097b3eeef87c0eee393139aef48a53252cf354b9d90c455275b9.pdf", "page": 200, "pages": 269, "failures": 0}
{"event": "review_progress", "file": "cab45cdf5408097b3eeef87c0eee393139aef48a53252cf354b9d90c455275b9.pdf", "page": 250, "pages": 269, "failures": 0}
{"event": "verify_complete", "path": "WR5215 G5/lenovo_wentian_wr5215g5_user_guide_v2.pdf", "status": "passed", "seconds": 92.115, "error": null}
{"event": "verify_start", "path": "WR5215 G5/lp2356.pdf"}
{"event": "verify_complete", "path": "WR5215 G5/lp2356.pdf", "status": "passed", "seconds": 11.829, "error": null}
{"event": "verify_start", "path": "WR5215 G5/lxce_bomc_cplus_ug.pdf"}
{"event": "verify_complete", "path": "WR5215 G5/lxce_bomc_cplus_ug.pdf", "status": "passed", "seconds": 4.237, "error": null}
{"event": "verify_start", "path": "WR5215 G5/lxce_onecli_cplus_ug.pdf"}
{"event": "review_progress", "file": "dba774fbccfbd4c2e7e84819f2c213a37af77862be9143344db0f64e7f5e3440.pdf", "page": 50, "pages": 138, "failures": 0}
{"event": "review_progress", "file": "dba774fbccfbd4c2e7e84819f2c213a37af77862be9143344db0f64e7f5e3440.pdf", "page": 100, "pages": 138, "failures": 0}
{"event": "verify_complete", "path": "WR5215 G5/lxce_onecli_cplus_ug.pdf", "status": "passed", "seconds": 29.098, "error": null}
{"event": "verify_start", "path": "WR5215 G5/lxce_ux_cplus_ug.pdf"}
{"event": "verify_complete", "path": "WR5215 G5/lxce_ux_cplus_ug.pdf", "status": "passed", "seconds": 12.213, "error": null}
{"event": "verify_start", "path": "WR5220 G3/bmc_user_guide_v14.pdf"}
{"event": "review_progress", "file": "acba1574ddaf24faa0eb69644e9114be553ee44f45ce2960d0bcefb66a4539d4.pdf", "page": 50, "pages": 132, "failures": 0}
{"event": "review_progress", "file": "acba1574ddaf24faa0eb69644e9114be553ee44f45ce2960d0bcefb66a4539d4.pdf", "page": 100, "pages": 132, "failures": 0}
{"event": "verify_complete", "path": "WR5220 G3/bmc_user_guide_v14.pdf", "status": "passed", "seconds": 35.216, "error": null}
{"event": "verify_start", "path": "WR5220 G3/lenovo_bmc_event_reference_guide_g5_v4.pdf"}
{"event": "review_progress", "file": "fc4a694ce1574db865fe41a904d185bc85092598a5b6a6d0cbbff739c75411ef.pdf", "page": 50, "pages": 116, "failures": 0}
{"event": "review_progress", "file": "fc4a694ce1574db865fe41a904d185bc85092598a5b6a6d0cbbff739c75411ef.pdf", "page": 100, "pages": 116, "failures": 0}
{"event": "verify_complete", "path": "WR5220 G3/lenovo_bmc_event_reference_guide_g5_v4.pdf", "status": "passed", "seconds": 30.67, "error": null}
{"event": "verify_start", "path": "WR5220 G3/lenovo_bmc_g3_commands_guide_v2.pdf"}
{"event": "verify_complete", "path": "WR5220 G3/lenovo_bmc_g3_commands_guide_v2.pdf", "status": "passed", "seconds": 62.934, "error": null}
{"event": "verify_start", "path": "WR5220 G3/lenovo_bmc_g3_redfish_guide_v11.pdf"}
{"event": "review_progress", "file": "456897573c42b3e7eb767b248e3c588a987b7f23b2a0c70a344e816b91837ee8.pdf", "page": 50, "pages": 423, "failures": 0}
{"event": "review_progress", "file": "456897573c42b3e7eb767b248e3c588a987b7f23b2a0c70a344e816b91837ee8.pdf", "page": 100, "pages": 423, "failures": 0}
{"event": "review_progress", "file": "456897573c42b3e7eb767b248e3c588a987b7f23b2a0c70a344e816b91837ee8.pdf", "page": 150, "pages": 423, "failures": 0}
{"event": "review_progress", "file": "456897573c42b3e7eb767b248e3c588a987b7f23b2a0c70a344e816b91837ee8.pdf", "page": 200, "pages": 423, "failures": 0}
{"event": "review_progress", "file": "456897573c42b3e7eb767b248e3c588a987b7f23b2a0c70a344e816b91837ee8.pdf", "page": 250, "pages": 423, "failures": 0}
{"event": "review_progress", "file": "456897573c42b3e7eb767b248e3c588a987b7f23b2a0c70a344e816b91837ee8.pdf", "page": 300, "pages": 423, "failures": 0}
{"event": "review_progress", "file": "456897573c42b3e7eb767b248e3c588a987b7f23b2a0c70a344e816b91837ee8.pdf", "page": 350, "pages": 423, "failures": 0}
{"event": "review_progress", "file": "456897573c42b3e7eb767b248e3c588a987b7f23b2a0c70a344e816b91837ee8.pdf", "page": 400, "pages": 423, "failures": 0}
{"event": "verify_complete", "path": "WR5220 G3/lenovo_bmc_g3_redfish_guide_v11.pdf", "status": "passed", "seconds": 140.109, "error": null}
{"event": "verify_start", "path": "WR5220 G3/lenovo_snmp_ug_g3.pdf"}
{"event": "verify_complete", "path": "WR5220 G3/lenovo_snmp_ug_g3.pdf", "status": "passed", "seconds": 17.9, "error": null}
{"event": "verify_start", "path": "WR5220 G3/lenovo_wentian_os_installation_guide.pdf"}
{"event": "review_progress", "file": "f5d59ae8c6bfc792ae28160790ce0f673b8d940de86f98ed7e326fb40cfaec17.pdf", "page": 50, "pages": 179, "failures": 0}
{"event": "review_progress", "file": "f5d59ae8c6bfc792ae28160790ce0f673b8d940de86f98ed7e326fb40cfaec17.pdf", "page": 100, "pages": 179, "failures": 0}
{"event": "review_progress", "file": "f5d59ae8c6bfc792ae28160790ce0f673b8d940de86f98ed7e326fb40cfaec17.pdf", "page": 150, "pages": 179, "failures": 0}
{"event": "verify_complete", "path": "WR5220 G3/lenovo_wentian_os_installation_guide.pdf", "status": "passed", "seconds": 36.11, "error": null}
{"event": "verify_start", "path": "WR5220 G3/lenovo_wentian_wr5220g3_user_guide_v18.pdf"}
{"event": "review_progress", "file": "15b16176143792fd24287d10f29e46cc039660e802a0e2070cc14128f5ea53e6.pdf", "page": 50, "pages": 397, "failures": 0}
{"event": "review_progress", "file": "15b16176143792fd24287d10f29e46cc039660e802a0e2070cc14128f5ea53e6.pdf", "page": 100, "pages": 397, "failures": 0}
{"event": "review_progress", "file": "15b16176143792fd24287d10f29e46cc039660e802a0e2070cc14128f5ea53e6.pdf", "page": 150, "pages": 397, "failures": 0}
{"event": "review_progress", "file": "15b16176143792fd24287d10f29e46cc039660e802a0e2070cc14128f5ea53e6.pdf", "page": 200, "pages": 397, "failures": 0}
{"event": "review_progress", "file": "15b16176143792fd24287d10f29e46cc039660e802a0e2070cc14128f5ea53e6.pdf", "page": 250, "pages": 397, "failures": 0}
{"event": "review_progress", "file": "15b16176143792fd24287d10f29e46cc039660e802a0e2070cc14128f5ea53e6.pdf", "page": 300, "pages": 397, "failures": 0}
{"event": "review_progress", "file": "15b16176143792fd24287d10f29e46cc039660e802a0e2070cc14128f5ea53e6.pdf", "page": 350, "pages": 397, "failures": 0}
{"event": "verify_complete", "path": "WR5220 G3/lenovo_wentian_wr5220g3_user_guide_v18.pdf", "status": "passed", "seconds": 213.871, "error": null}
{"event": "verify_start", "path": "WR5220 G3/lp1705.pdf"}
{"event": "review_progress", "file": "f3b4f9d125fee56c228b36354a30198ddd14933cb755fdc7dc1ef2d4af8442e7.pdf", "page": 50, "pages": 78, "failures": 0}
{"event": "verify_complete", "path": "WR5220 G3/lp1705.pdf", "status": "passed", "seconds": 40.267, "error": null}
{"event": "verify_start", "path": "WR5220 G3/lxce_bomc_cplus_ug.pdf"}
{"event": "verify_complete", "path": "WR5220 G3/lxce_bomc_cplus_ug.pdf", "status": "passed", "seconds": 5.085, "error": null}
{"event": "verify_start", "path": "WR5220 G3/lxce_onecli_cplus_ug.pdf"}
{"event": "review_progress", "file": "dba774fbccfbd4c2e7e84819f2c213a37af77862be9143344db0f64e7f5e3440.pdf", "page": 50, "pages": 138, "failures": 0}
{"event": "review_progress", "file": "dba774fbccfbd4c2e7e84819f2c213a37af77862be9143344db0f64e7f5e3440.pdf", "page": 100, "pages": 138, "failures": 0}
{"event": "verify_complete", "path": "WR5220 G3/lxce_onecli_cplus_ug.pdf", "status": "passed", "seconds": 30.705, "error": null}
{"event": "verify_start", "path": "WR5220 G3/lxce_ux_cplus_ug.pdf"}
{"event": "verify_complete", "path": "WR5220 G3/lxce_ux_cplus_ug.pdf", "status": "passed", "seconds": 11.591, "error": null}
{"event": "verify_start", "path": "WR5220 G3/lxpm_wentian_ug-v2.pdf"}
{"event": "verify_complete", "path": "WR5220 G3/lxpm_wentian_ug-v2.pdf", "status": "passed", "seconds": 8.994, "error": null}
{"event": "verify_start", "path": "WR5220 G3/psu_label_matrix.pdf"}
{"event": "verify_complete", "path": "WR5220 G3/psu_label_matrix.pdf", "status": "passed", "seconds": 2.974, "error": null}
{"event": "verify_start", "path": "WR5220 G3/vmware_code_recipe_file.pdf"}
{"event": "verify_complete", "path": "WR5220 G3/vmware_code_recipe_file.pdf", "status": "passed", "seconds": 6.562, "error": null}
{"event": "verify_start", "path": "WR5220 G3/wr5220g3_bios_setup_spec_v2.13.pdf"}
{"event": "review_progress", "file": "4d0754555ef1c4ae4f41225e6fdc210d502abc902371025caeb6b8cc8b313c1d.pdf", "page": 50, "pages": 87, "failures": 0}
{"event": "verify_complete", "path": "WR5220 G3/wr5220g3_bios_setup_spec_v2.13.pdf", "status": "passed", "seconds": 39.206, "error": null}
{"event": "verify_start", "path": "WR5220 G5/lenovo_bmc_commands_g5_v3.pdf"}
{"event": "verify_complete", "path": "WR5220 G5/lenovo_bmc_commands_g5_v3.pdf", "status": "passed", "seconds": 17.889, "error": null}
{"event": "verify_start", "path": "WR5220 G5/lenovo_bmc_event_reference_guide_g5_v4.pdf"}
{"event": "review_progress", "file": "fc4a694ce1574db865fe41a904d185bc85092598a5b6a6d0cbbff739c75411ef.pdf", "page": 50, "pages": 116, "failures": 0}
{"event": "review_progress", "file": "fc4a694ce1574db865fe41a904d185bc85092598a5b6a6d0cbbff739c75411ef.pdf", "page": 100, "pages": 116, "failures": 0}
{"event": "verify_complete", "path": "WR5220 G5/lenovo_bmc_event_reference_guide_g5_v4.pdf", "status": "passed", "seconds": 36.73, "error": null}
{"event": "verify_start", "path": "WR5220 G5/lenovo_bmc_redfish_guide_g5_v4.pdf"}
{"event": "verify_start", "path": "WR5220 G5/lenovo_bmc_redfish_guide_g5_v4.pdf"}
{"event": "review_progress", "file": "4b9324d1688973cab77c554228600d94a7b1e9cfbc4ba4d6cc91c6f8c28e4656.pdf", "page": 50, "pages": 486, "failures": 0}
{"event": "review_progress", "file": "4b9324d1688973cab77c554228600d94a7b1e9cfbc4ba4d6cc91c6f8c28e4656.pdf", "page": 100, "pages": 486, "failures": 0}
{"event": "review_progress", "file": "4b9324d1688973cab77c554228600d94a7b1e9cfbc4ba4d6cc91c6f8c28e4656.pdf", "page": 150, "pages": 486, "failures": 0}
{"event": "review_progress", "file": "4b9324d1688973cab77c554228600d94a7b1e9cfbc4ba4d6cc91c6f8c28e4656.pdf", "page": 200, "pages": 486, "failures": 0}
{"event": "review_progress", "file": "4b9324d1688973cab77c554228600d94a7b1e9cfbc4ba4d6cc91c6f8c28e4656.pdf", "page": 250, "pages": 486, "failures": 0}
{"event": "review_progress", "file": "4b9324d1688973cab77c554228600d94a7b1e9cfbc4ba4d6cc91c6f8c28e4656.pdf", "page": 300, "pages": 486, "failures": 0}
{"event": "review_progress", "file": "4b9324d1688973cab77c554228600d94a7b1e9cfbc4ba4d6cc91c6f8c28e4656.pdf", "page": 350, "pages": 486, "failures": 0}
{"event": "review_progress", "file": "4b9324d1688973cab77c554228600d94a7b1e9cfbc4ba4d6cc91c6f8c28e4656.pdf", "page": 400, "pages": 486, "failures": 0}
{"event": "review_progress", "file": "4b9324d1688973cab77c554228600d94a7b1e9cfbc4ba4d6cc91c6f8c28e4656.pdf", "page": 450, "pages": 486, "failures": 0}
{"event": "verify_complete", "path": "WR5220 G5/lenovo_bmc_redfish_guide_g5_v4.pdf", "status": "passed", "seconds": 220.148, "error": null}
{"event": "verify_start", "path": "WR5220 G5/lenovo_bmc_snmp_guide_g5.pdf"}
{"event": "verify_complete", "path": "WR5220 G5/lenovo_bmc_snmp_guide_g5.pdf", "status": "passed", "seconds": 23.236, "error": null}
{"event": "verify_start", "path": "WR5220 G5/lenovo_bmc_user_guide_g5_v6.pdf"}
{"event": "review_progress", "file": "f98dcb710ae5f9fa900b3a786afec813f847dde32ca0ea255e7f417148fe9bf1.pdf", "page": 50, "pages": 201, "failures": 0}
{"event": "review_progress", "file": "f98dcb710ae5f9fa900b3a786afec813f847dde32ca0ea255e7f417148fe9bf1.pdf", "page": 100, "pages": 201, "failures": 0}
{"event": "review_progress", "file": "f98dcb710ae5f9fa900b3a786afec813f847dde32ca0ea255e7f417148fe9bf1.pdf", "page": 150, "pages": 201, "failures": 0}
{"event": "review_progress", "file": "f98dcb710ae5f9fa900b3a786afec813f847dde32ca0ea255e7f417148fe9bf1.pdf", "page": 200, "pages": 201, "failures": 0}
{"event": "verify_complete", "path": "WR5220 G5/lenovo_bmc_user_guide_g5_v6.pdf", "status": "passed", "seconds": 47.868, "error": null}
{"event": "verify_start", "path": "WR5220 G5/lenovo_wentian_os_installation_guide.pdf"}
{"event": "review_progress", "file": "f5d59ae8c6bfc792ae28160790ce0f673b8d940de86f98ed7e326fb40cfaec17.pdf", "page": 50, "pages": 179, "failures": 0}
{"event": "review_progress", "file": "f5d59ae8c6bfc792ae28160790ce0f673b8d940de86f98ed7e326fb40cfaec17.pdf", "page": 100, "pages": 179, "failures": 0}
{"event": "review_progress", "file": "f5d59ae8c6bfc792ae28160790ce0f673b8d940de86f98ed7e326fb40cfaec17.pdf", "page": 150, "pages": 179, "failures": 0}
{"event": "verify_complete", "path": "WR5220 G5/lenovo_wentian_os_installation_guide.pdf", "status": "passed", "seconds": 42.285, "error": null}
{"event": "verify_start", "path": "WR5220 G5/lenovo_wentian_wr5220g5_user_guide_v7.pdf"}
{"event": "review_progress", "file": "c73297846d184c5033c92058dd0925f41093178d1ea35f7b287c19a4e5cf5f34.pdf", "page": 50, "pages": 373, "failures": 0}
{"event": "review_progress", "file": "c73297846d184c5033c92058dd0925f41093178d1ea35f7b287c19a4e5cf5f34.pdf", "page": 100, "pages": 373, "failures": 0}
{"event": "review_progress", "file": "c73297846d184c5033c92058dd0925f41093178d1ea35f7b287c19a4e5cf5f34.pdf", "page": 150, "pages": 373, "failures": 0}
{"event": "review_progress", "file": "c73297846d184c5033c92058dd0925f41093178d1ea35f7b287c19a4e5cf5f34.pdf", "page": 200, "pages": 373, "failures": 0}
{"event": "review_progress", "file": "c73297846d184c5033c92058dd0925f41093178d1ea35f7b287c19a4e5cf5f34.pdf", "page": 250, "pages": 373, "failures": 0}
{"event": "review_progress", "file": "c73297846d184c5033c92058dd0925f41093178d1ea35f7b287c19a4e5cf5f34.pdf", "page": 300, "pages": 373, "failures": 0}
{"event": "review_progress", "file": "c73297846d184c5033c92058dd0925f41093178d1ea35f7b287c19a4e5cf5f34.pdf", "page": 350, "pages": 373, "failures": 0}
{"event": "verify_complete", "path": "WR5220 G5/lenovo_wentian_wr5220g5_user_guide_v7.pdf", "status": "passed", "seconds": 132.147, "error": null}
{"event": "verify_start", "path": "WR5220 G5/lp1728.pdf"}
{"event": "verify_complete", "path": "WR5220 G5/lp1728.pdf", "status": "passed", "seconds": 5.923, "error": null}
{"event": "verify_start", "path": "WR5220 G5/lp2014.pdf"}
{"event": "review_progress", "file": "9697a67c0223b29c2b6050101b0eef6c61e7c3c85b3cb4ad63488887e09d2c70.pdf", "page": 50, "pages": 75, "failures": 0}
{"event": "verify_complete", "path": "WR5220 G5/lp2014.pdf", "status": "passed", "seconds": 30.587, "error": null}
{"event": "verify_start", "path": "WR5220 G5/lxce_bomc_cplus_ug.pdf"}
{"event": "verify_complete", "path": "WR5220 G5/lxce_bomc_cplus_ug.pdf", "status": "passed", "seconds": 6.867, "error": null}
{"event": "verify_start", "path": "WR5220 G5/lxce_onecli_cplus_ug.pdf"}
{"event": "review_progress", "file": "dba774fbccfbd4c2e7e84819f2c213a37af77862be9143344db0f64e7f5e3440.pdf", "page": 50, "pages": 138, "failures": 0}
{"event": "review_progress", "file": "dba774fbccfbd4c2e7e84819f2c213a37af77862be9143344db0f64e7f5e3440.pdf", "page": 100, "pages": 138, "failures": 0}
{"event": "verify_complete", "path": "WR5220 G5/lxce_onecli_cplus_ug.pdf", "status": "passed", "seconds": 39.17, "error": null}
{"event": "verify_start", "path": "WR5220 G5/lxce_ux_cplus_ug.pdf"}
{"event": "verify_complete", "path": "WR5220 G5/lxce_ux_cplus_ug.pdf", "status": "passed", "seconds": 15.166, "error": null}
{"event": "verify_start", "path": "WR5220 G5/lxpm_wentian_ug-v2.pdf"}
{"event": "verify_complete", "path": "WR5220 G5/lxpm_wentian_ug-v2.pdf", "status": "passed", "seconds": 8.271, "error": null}
{"event": "verify_start", "path": "WR5220 G5/psu_label_matrix.pdf"}
{"event": "verify_complete", "path": "WR5220 G5/psu_label_matrix.pdf", "status": "passed", "seconds": 2.548, "error": null}
{"event": "verify_start", "path": "WR5225 G3/lenovo_bmc_event_reference_guide_g5_v4.pdf"}
{"event": "review_progress", "file": "fc4a694ce1574db865fe41a904d185bc85092598a5b6a6d0cbbff739c75411ef.pdf", "page": 50, "pages": 116, "failures": 0}
{"event": "review_progress", "file": "fc4a694ce1574db865fe41a904d185bc85092598a5b6a6d0cbbff739c75411ef.pdf", "page": 100, "pages": 116, "failures": 0}
{"event": "verify_complete", "path": "WR5225 G3/lenovo_bmc_event_reference_guide_g5_v4.pdf", "status": "passed", "seconds": 37.911, "error": null}
{"event": "verify_start", "path": "WR5225 G3/lenovo_bmc_g3_redfish_guide_v11.pdf"}
{"event": "review_progress", "file": "456897573c42b3e7eb767b248e3c588a987b7f23b2a0c70a344e816b91837ee8.pdf", "page": 50, "pages": 423, "failures": 0}
{"event": "review_progress", "file": "456897573c42b3e7eb767b248e3c588a987b7f23b2a0c70a344e816b91837ee8.pdf", "page": 100, "pages": 423, "failures": 0}
{"event": "review_progress", "file": "456897573c42b3e7eb767b248e3c588a987b7f23b2a0c70a344e816b91837ee8.pdf", "page": 150, "pages": 423, "failures": 0}
{"event": "review_progress", "file": "456897573c42b3e7eb767b248e3c588a987b7f23b2a0c70a344e816b91837ee8.pdf", "page": 200, "pages": 423, "failures": 0}
{"event": "review_progress", "file": "456897573c42b3e7eb767b248e3c588a987b7f23b2a0c70a344e816b91837ee8.pdf", "page": 250, "pages": 423, "failures": 0}
{"event": "review_progress", "file": "456897573c42b3e7eb767b248e3c588a987b7f23b2a0c70a344e816b91837ee8.pdf", "page": 300, "pages": 423, "failures": 0}
{"event": "review_progress", "file": "456897573c42b3e7eb767b248e3c588a987b7f23b2a0c70a344e816b91837ee8.pdf", "page": 350, "pages": 423, "failures": 0}
{"event": "review_progress", "file": "456897573c42b3e7eb767b248e3c588a987b7f23b2a0c70a344e816b91837ee8.pdf", "page": 400, "pages": 423, "failures": 0}
{"event": "verify_complete", "path": "WR5225 G3/lenovo_bmc_g3_redfish_guide_v11.pdf", "status": "passed", "seconds": 175.055, "error": null}
{"event": "verify_start", "path": "WR5225 G3/lenovo_snmp_ug_g3.pdf"}
{"event": "verify_complete", "path": "WR5225 G3/lenovo_snmp_ug_g3.pdf", "status": "passed", "seconds": 21.347, "error": null}
{"event": "verify_start", "path": "WR5225 G3/lenovo_wentian_os_installation_guide.pdf"}
{"event": "review_progress", "file": "f5d59ae8c6bfc792ae28160790ce0f673b8d940de86f98ed7e326fb40cfaec17.pdf", "page": 50, "pages": 179, "failures": 0}
{"event": "review_progress", "file": "f5d59ae8c6bfc792ae28160790ce0f673b8d940de86f98ed7e326fb40cfaec17.pdf", "page": 100, "pages": 179, "failures": 0}
{"event": "review_progress", "file": "f5d59ae8c6bfc792ae28160790ce0f673b8d940de86f98ed7e326fb40cfaec17.pdf", "page": 150, "pages": 179, "failures": 0}
{"event": "verify_complete", "path": "WR5225 G3/lenovo_wentian_os_installation_guide.pdf", "status": "passed", "seconds": 30.926, "error": null}
{"event": "verify_start", "path": "WR5225 G3/lp2129.pdf"}
{"event": "review_progress", "file": "4359185edbc9e46fb5108fe99fb0e6253148357afeb29ff3f8b6d938bba70403.pdf", "page": 50, "pages": 74, "failures": 0}
{"event": "verify_complete", "path": "WR5225 G3/lp2129.pdf", "status": "passed", "seconds": 46.399, "error": null}
{"event": "verify_start", "path": "WR5225 G3/lxce_bomc_cplus_ug.pdf"}
{"event": "verify_complete", "path": "WR5225 G3/lxce_bomc_cplus_ug.pdf", "status": "passed", "seconds": 5.319, "error": null}
{"event": "verify_start", "path": "WR5225 G3/lxce_onecli_cplus_ug.pdf"}
{"event": "review_progress", "file": "dba774fbccfbd4c2e7e84819f2c213a37af77862be9143344db0f64e7f5e3440.pdf", "page": 50, "pages": 138, "failures": 0}
{"event": "review_progress", "file": "dba774fbccfbd4c2e7e84819f2c213a37af77862be9143344db0f64e7f5e3440.pdf", "page": 100, "pages": 138, "failures": 0}
{"event": "verify_complete", "path": "WR5225 G3/lxce_onecli_cplus_ug.pdf", "status": "passed", "seconds": 26.508, "error": null}
{"event": "verify_start", "path": "WR5225 G3/lxce_ux_cplus_ug.pdf"}
{"event": "verify_complete", "path": "WR5225 G3/lxce_ux_cplus_ug.pdf", "status": "passed", "seconds": 10.74, "error": null}
{"event": "verify_start", "path": "WR5225 G3/psu_label_matrix.pdf"}
{"event": "verify_complete", "path": "WR5225 G3/psu_label_matrix.pdf", "status": "passed", "seconds": 2.236, "error": null}
{"event": "verify_start", "path": "WR5225 G3/wr5225g3_bios_setup_spec_v2.9-turin.pdf"}
{"event": "review_progress", "file": "683e4a61ad09ed4a676d063878096127141cddf1128c469b8534853236f52247.pdf", "page": 50, "pages": 81, "failures": 0}
{"event": "verify_complete", "path": "WR5225 G3/wr5225g3_bios_setup_spec_v2.9-turin.pdf", "status": "passed", "seconds": 26.728, "error": null}
{"event": "verify_start", "path": "WR5225 G3/wr5225g3_bios_setup_spec_v3.0-genoa.pdf"}
{"event": "review_progress", "file": "d242cfa85dcc029ccb129fe5d2e61f0a051c6b2c664d95d66a7d1ee48dd5ac08.pdf", "page": 50, "pages": 82, "failures": 0}
{"event": "verify_complete", "path": "WR5225 G3/wr5225g3_bios_setup_spec_v3.0-genoa.pdf", "status": "passed", "seconds": 27.452, "error": null}
{"event": "verify_start", "path": "WR5225 G3/wr5225g3_user_guide_v6.pdf"}
{"event": "review_progress", "file": "8cfc8781da9c75bdab2b3477a6564cba1b06009d553530cd3a026014f4b677af.pdf", "page": 50, "pages": 375, "failures": 0}
{"event": "review_progress", "file": "8cfc8781da9c75bdab2b3477a6564cba1b06009d553530cd3a026014f4b677af.pdf", "page": 100, "pages": 375, "failures": 0}
{"event": "review_progress", "file": "8cfc8781da9c75bdab2b3477a6564cba1b06009d553530cd3a026014f4b677af.pdf", "page": 150, "pages": 375, "failures": 0}
{"event": "review_progress", "file": "8cfc8781da9c75bdab2b3477a6564cba1b06009d553530cd3a026014f4b677af.pdf", "page": 200, "pages": 375, "failures": 0}
{"event": "review_progress", "file": "8cfc8781da9c75bdab2b3477a6564cba1b06009d553530cd3a026014f4b677af.pdf", "page": 250, "pages": 375, "failures": 0}
{"event": "review_progress", "file": "8cfc8781da9c75bdab2b3477a6564cba1b06009d553530cd3a026014f4b677af.pdf", "page": 300, "pages": 375, "failures": 0}
{"event": "review_progress", "file": "8cfc8781da9c75bdab2b3477a6564cba1b06009d553530cd3a026014f4b677af.pdf", "page": 350, "pages": 375, "failures": 0}
{"event": "verify_complete", "path": "WR5225 G3/wr5225g3_user_guide_v6.pdf", "status": "passed", "seconds": 132.536, "error": null}
{"event": "verify_start", "path": "WR6220 G5/lenovo_wentian_wr6220g5_user_guide.pdf"}
{"event": "review_progress", "file": "8921606e9e9fcc6b199f2c360787dc228f3180bd2448423d40bd1d101c13be71.pdf", "page": 50, "pages": 388, "failures": 0}
{"event": "review_progress", "file": "8921606e9e9fcc6b199f2c360787dc228f3180bd2448423d40bd1d101c13be71.pdf", "page": 100, "pages": 388, "failures": 0}
{"event": "review_progress", "file": "8921606e9e9fcc6b199f2c360787dc228f3180bd2448423d40bd1d101c13be71.pdf", "page": 150, "pages": 388, "failures": 0}
{"event": "review_progress", "file": "8921606e9e9fcc6b199f2c360787dc228f3180bd2448423d40bd1d101c13be71.pdf", "page": 200, "pages": 388, "failures": 0}
{"event": "review_progress", "file": "8921606e9e9fcc6b199f2c360787dc228f3180bd2448423d40bd1d101c13be71.pdf", "page": 250, "pages": 388, "failures": 0}
{"event": "review_progress", "file": "8921606e9e9fcc6b199f2c360787dc228f3180bd2448423d40bd1d101c13be71.pdf", "page": 300, "pages": 388, "failures": 0}
{"event": "review_progress", "file": "8921606e9e9fcc6b199f2c360787dc228f3180bd2448423d40bd1d101c13be71.pdf", "page": 350, "pages": 388, "failures": 0}
{"event": "verify_complete", "path": "WR6220 G5/lenovo_wentian_wr6220g5_user_guide.pdf", "status": "passed", "seconds": 136.823, "error": null}
{"event": "verify_start", "path": "WR6220 G5/lp2468.pdf"}
{"event": "review_progress", "file": "1c346cc68cc75a84dbf27f21d5f25c2806f3a666c963afe807713ab6a11e23b0.pdf", "page": 50, "pages": 64, "failures": 0}
{"event": "verify_complete", "path": "WR6220 G5/lp2468.pdf", "status": "passed", "seconds": 25.048, "error": null}
{"event": "verify_start", "path": "WR6220 G5/lp2502.pdf"}
fontTools is required to fully parse the encoding of a CFF Type1 font in font dictionary {'/BaseFont': '/TLKWYW+Gotham-Book', '/Encoding': '/WinAnsiEncoding', '/FirstChar': 32, '/FontDescriptor': IndirectObject(112, 0, 130628864568176), '/LastChar': 176, '/Subtype': '/Type1', '/Type': '/Font', '/Widths': [300, 0, 0, 0, 0, 0, 0, 0, 0, 0, 430, 625, 0, 408, 244, 508, 715, 358, 599, 613, 671, 612, 647, 596, 630, 0, 0, 0, 0, 0, 0, 0, 0, 790, 722, 742, 782, 670, 0, 784, 760, 291, 553, 719, 615, 868, 790, 850, 668, 0, 723, 640, 641, 759, 750, 1107, 0, 0, 0, 0, 0, 0, 0, 0, 0, 579, 664, 571, 664, 592, 0, 0, 616, 263, 0, 569, 0, 948, 616, 646, 664, 0, 0, 498, 404, 616, 587, 0, 0, 591, 0, 0, 0, 0, 0, 0, 0, 0, 0, 0, 0, 0, 0, 0, 0, 0, 0, 0, 0, 0, 0, 0, 0, 0, 0, 0, 445, 0, 0, 0, 0, 0, 0, 0, 0, 0, 0, 0, 0, 0, 0, 0, 0, 0, 0, 0, 0, 830, 0, 0, 0, 0, 403, 0, 458]}, but is not installed. Consider installing fontTools if you encounter encoding problems.
fontTools is required to fully parse the encoding of a CFF Type1 font in font dictionary {'/BaseFont': '/ZHKGEK+Gotham-Bold', '/Encoding': '/WinAnsiEncoding', '/FirstChar': 32, '/FontDescriptor': IndirectObject(113, 0, 130628864568176), '/LastChar': 87, '/Subtype': '/Type1', '/Type': '/Font', '/Widths': [300, 0, 0, 0, 0, 0, 0, 0, 0, 0, 0, 0, 0, 0, 0, 0, 730, 0, 623, 0, 0, 630, 662, 0, 0, 0, 0, 0, 0, 0, 0, 0, 0, 0, 0, 0, 0, 0, 0, 784, 0, 0, 0, 0, 0, 0, 0, 0, 0, 0, 723, 0, 0, 0, 0, 1122]}, but is not installed. Consider installing fontTools if you encounter encoding problems.
fontTools is required to fully parse the encoding of a CFF Type1 font in font dictionary {'/BaseFont': '/TLKWYW+Gotham-Book', '/Encoding': '/WinAnsiEncoding', '/FirstChar': 32, '/FontDescriptor': IndirectObject(112, 0, 130628864568176), '/LastChar': 176, '/Subtype': '/Type1', '/Type': '/Font', '/Widths': [300, 0, 0, 0, 0, 0, 0, 0, 0, 0, 430, 625, 0, 408, 244, 508, 715, 358, 599, 613, 671, 612, 647, 596, 630, 0, 0, 0, 0, 0, 0, 0, 0, 790, 722, 742, 782, 670, 0, 784, 760, 291, 553, 719, 615, 868, 790, 850, 668, 0, 723, 640, 641, 759, 750, 1107, 0, 0, 0, 0, 0, 0, 0, 0, 0, 579, 664, 571, 664, 592, 0, 0, 616, 263, 0, 569, 0, 948, 616, 646, 664, 0, 0, 498, 404, 616, 587, 0, 0, 591, 0, 0, 0, 0, 0, 0, 0, 0, 0, 0, 0, 0, 0, 0, 0, 0, 0, 0, 0, 0, 0, 0, 0, 0, 0, 0, 445, 0, 0, 0, 0, 0, 0, 0, 0, 0, 0, 0, 0, 0, 0, 0, 0, 0, 0, 0, 0, 830, 0, 0, 0, 0, 403, 0, 458]}, but is not installed. Consider installing fontTools if you encounter encoding problems.
fontTools is required to fully parse the encoding of a CFF Type1 font in font dictionary {'/BaseFont': '/WAWOOQ+Gotham-Medium', '/Encoding': '/WinAnsiEncoding', '/FirstChar': 32, '/FontDescriptor': IndirectObject(122, 0, 130628864568176), '/LastChar': 57, '/Subtype': '/Type1', '/Type': '/Font', '/Widths': [300, 0, 0, 0, 0, 0, 0, 0, 0, 0, 0, 0, 0, 0, 0, 0, 724, 396, 0, 0, 681, 0, 656, 609, 630, 656]}, but is not installed. Consider installing fontTools if you encounter encoding problems.
fontTools is required to fully parse the encoding of a CFF Type1 font in font dictionary {'/Type': '/Font', '/Subtype': '/Type1', '/BaseFont': '/TLKWYW+Gotham-Book', '/Encoding': '/WinAnsiEncoding', '/FirstChar': 32, '/FontDescriptor': IndirectObject(36, 0, 130628864567936), '/LastChar': 176, '/Widths': [300, 0, 0, 0, 0, 0, 0, 0, 0, 0, 430, 625, 0, 408, 244, 508, 715, 358, 599, 613, 671, 612, 647, 596, 630, 0, 0, 0, 0, 0, 0, 0, 0, 790, 722, 742, 782, 670, 0, 784, 760, 291, 553, 719, 615, 868, 790, 850, 668, 0, 723, 640, 641, 759, 750, 1107, 0, 0, 0, 0, 0, 0, 0, 0, 0, 579, 664, 571, 664, 592, 0, 0, 616, 263, 0, 569, 0, 948, 616, 646, 664, 0, 0, 498, 404, 616, 587, 0, 0, 591, 0, 0, 0, 0, 0, 0, 0, 0, 0, 0, 0, 0, 0, 0, 0, 0, 0, 0, 0, 0, 0, 0, 0, 0, 0, 0, 445, 0, 0, 0, 0, 0, 0, 0, 0, 0, 0, 0, 0, 0, 0, 0, 0, 0, 0, 0, 0, 830, 0, 0, 0, 0, 403, 0, 458]}, but is not installed. Consider installing fontTools if you encounter encoding problems.
fontTools is required to fully parse the encoding of a CFF Type1 font in font dictionary {'/Type': '/Font', '/Subtype': '/Type1', '/BaseFont': '/ZHKGEK+Gotham-Bold', '/Encoding': '/WinAnsiEncoding', '/FirstChar': 32, '/FontDescriptor': IndirectObject(37, 0, 130628864567936), '/LastChar': 87, '/Widths': [300, 0, 0, 0, 0, 0, 0, 0, 0, 0, 0, 0, 0, 0, 0, 0, 730, 0, 623, 0, 0, 630, 662, 0, 0, 0, 0, 0, 0, 0, 0, 0, 0, 0, 0, 0, 0, 0, 0, 784, 0, 0, 0, 0, 0, 0, 0, 0, 0, 0, 723, 0, 0, 0, 0, 1122]}, but is not installed. Consider installing fontTools if you encounter encoding problems.
fontTools is required to fully parse the encoding of a CFF Type1 font in font dictionary {'/Type': '/Font', '/Subtype': '/Type1', '/BaseFont': '/TLKWYW+Gotham-Book', '/Encoding': '/WinAnsiEncoding', '/FirstChar': 32, '/FontDescriptor': IndirectObject(36, 0, 130628864567936), '/LastChar': 176, '/Widths': [300, 0, 0, 0, 0, 0, 0, 0, 0, 0, 430, 625, 0, 408, 244, 508, 715, 358, 599, 613, 671, 612, 647, 596, 630, 0, 0, 0, 0, 0, 0, 0, 0, 790, 722, 742, 782, 670, 0, 784, 760, 291, 553, 719, 615, 868, 790, 850, 668, 0, 723, 640, 641, 759, 750, 1107, 0, 0, 0, 0, 0, 0, 0, 0, 0, 579, 664, 571, 664, 592, 0, 0, 616, 263, 0, 569, 0, 948, 616, 646, 664, 0, 0, 498, 404, 616, 587, 0, 0, 591, 0, 0, 0, 0, 0, 0, 0, 0, 0, 0, 0, 0, 0, 0, 0, 0, 0, 0, 0, 0, 0, 0, 0, 0, 0, 0, 445, 0, 0, 0, 0, 0, 0, 0, 0, 0, 0, 0, 0, 0, 0, 0, 0, 0, 0, 0, 0, 830, 0, 0, 0, 0, 403, 0, 458]}, but is not installed. Consider installing fontTools if you encounter encoding problems.
fontTools is required to fully parse the encoding of a CFF Type1 font in font dictionary {'/Type': '/Font', '/Subtype': '/Type1', '/BaseFont': '/WAWOOQ+Gotham-Medium', '/Encoding': '/WinAnsiEncoding', '/FirstChar': 32, '/FontDescriptor': IndirectObject(44, 0, 130628864567936), '/LastChar': 57, '/Widths': [300, 0, 0, 0, 0, 0, 0, 0, 0, 0, 0, 0, 0, 0, 0, 0, 724, 396, 0, 0, 681, 0, 656, 609, 630, 656]}, but is not installed. Consider installing fontTools if you encounter encoding problems.
{"event": "verify_complete", "path": "WR6220 G5/lp2502.pdf", "status": "passed", "seconds": 9.45, "error": null}
{"verified": 95, "passed": 95}
