test_overlapping_body_is_retained_when_only_footer_operators_are_removed (test_research.LegacyOverlapPreservation.test_overlapping_body_is_retained_when_only_footer_operators_are_removed) ... ok
test_body_bbox_overlap_uses_operators_and_preserves_body (test_research.ResearchTests.test_body_bbox_overlap_uses_operators_and_preserves_body) ... ok
test_clipped_illustration_does_not_prevent_footer_cleanup (test_research.ResearchTests.test_clipped_illustration_does_not_prevent_footer_cleanup) ... ok
test_diagonal_illustration_bbox_is_not_a_table (test_research.ResearchTests.test_diagonal_illustration_bbox_is_not_a_table) ... ok
test_fallback_preserves_nested_form_body_and_removes_top_level_footer (test_research.ResearchTests.test_fallback_preserves_nested_form_body_and_removes_top_level_footer) ... ok
test_fallback_refuses_to_guess_targets_inside_a_form (test_research.ResearchTests.test_fallback_refuses_to_guess_targets_inside_a_form) ... ok
test_geometrically_separated_inline_footer_is_cleaned (test_research.ResearchTests.test_geometrically_separated_inline_footer_is_cleaned) ... ok
test_inline_body_parameter_numbers_are_preserved (test_research.ResearchTests.test_inline_body_parameter_numbers_are_preserved) ... expected failure
test_no_targets_preserves_exact_pdf_bytes (test_research.ResearchTests.test_no_targets_preserves_exact_pdf_bytes) ... ok
test_pure_text_footer_form_is_removed_without_changing_its_body_instance (test_research.ResearchTests.test_pure_text_footer_form_is_removed_without_changing_its_body_instance) ... ok
test_single_decimal_outlier_is_not_silently_removed (test_research.ResearchTests.test_single_decimal_outlier_is_not_silently_removed) ... ok
test_single_roman_frontmatter_then_decimal_sequence (test_research.ResearchTests.test_single_roman_frontmatter_then_decimal_sequence) ... ok
test_table_row_at_confirmed_footer_height_blocks_removal (test_research.ResearchTests.test_table_row_at_confirmed_footer_height_blocks_removal) ... ok
test_validation_rejects_changed_font_size_at_same_origin (test_research.ResearchTests.test_validation_rejects_changed_font_size_at_same_origin) ... ok
test_validation_rejects_changed_reading_order (test_research.ResearchTests.test_validation_rejects_changed_reading_order) ... ok
test_validation_rejects_changed_text_color (test_research.ResearchTests.test_validation_rejects_changed_text_color) ... ok
test_validation_rejects_changed_text_opacity (test_research.ResearchTests.test_validation_rejects_changed_text_opacity) ... ok
test_color_damage_is_visible (test_reviewer.ReviewControls.test_color_damage_is_visible) ... ok
test_exact_removal_masks_with_crop_and_rotation (test_reviewer.ReviewControls.test_exact_removal_masks_with_crop_and_rotation) ... ok
test_identical_file_passes (test_reviewer.ReviewControls.test_identical_file_passes) ... ok
test_metadata_damage_is_detected (test_reviewer.ReviewControls.test_metadata_damage_is_detected) ... ok
test_removal_mask_does_not_imply_every_source_glyph_was_removed (test_reviewer.ReviewControls.test_removal_mask_does_not_imply_every_source_glyph_was_removed) ... ok
test_text_damage_is_detected (test_reviewer.ReviewControls.test_text_damage_is_detected) ... ok

----------------------------------------------------------------------
Ran 23 tests in 1.609s

OK (expected failures=1)
