test_clipped_illustration_does_not_prevent_footer_cleanup (__main__.ResearchTests.test_clipped_illustration_does_not_prevent_footer_cleanup) ... ok
test_diagonal_illustration_bbox_is_not_a_table (__main__.ResearchTests.test_diagonal_illustration_bbox_is_not_a_table) ... ok
test_no_targets_preserves_exact_pdf_bytes (__main__.ResearchTests.test_no_targets_preserves_exact_pdf_bytes) ... ok
test_single_decimal_outlier_is_not_silently_removed (__main__.ResearchTests.test_single_decimal_outlier_is_not_silently_removed) ... ok
test_single_roman_frontmatter_then_decimal_sequence (__main__.ResearchTests.test_single_roman_frontmatter_then_decimal_sequence) ... ok
test_table_row_at_confirmed_footer_height_blocks_removal (__main__.ResearchTests.test_table_row_at_confirmed_footer_height_blocks_removal) ... ok
test_validation_rejects_changed_font_size_at_same_origin (__main__.ResearchTests.test_validation_rejects_changed_font_size_at_same_origin) ... ok
test_validation_rejects_changed_reading_order (__main__.ResearchTests.test_validation_rejects_changed_reading_order) ... ok
test_validation_rejects_changed_text_color (__main__.ResearchTests.test_validation_rejects_changed_text_color) ... ok
test_validation_rejects_changed_text_opacity (__main__.ResearchTests.test_validation_rejects_changed_text_opacity) ... FAIL

======================================================================
FAIL: test_validation_rejects_changed_text_opacity (__main__.ResearchTests.test_validation_rejects_changed_text_opacity)
----------------------------------------------------------------------
Traceback (most recent call last):
  File "/audit/test_research.py", line 69, in test_validation_rejects_changed_text_opacity
    self.verify_change_rejected(self.plain('changed.pdf',opacity=.2))
    ~~~~~~~~~~~~~~~~~~~~~~~~~~~^^^^^^^^^^^^^^^^^^^^^^^^^^^^^^^^^^^^^^
  File "/audit/test_research.py", line 61, in verify_change_rejected
    with self.assertRaises(CleanupError): validate_output(changed,source,plan,native)
         ~~~~~~~~~~~~~~~~~^^^^^^^^^^^^^^
AssertionError: CleanupError not raised

----------------------------------------------------------------------
Ran 10 tests in 0.373s

FAILED (failures=1)
