test_clipped_illustration_does_not_prevent_footer_cleanup (__main__.ResearchTests.test_clipped_illustration_does_not_prevent_footer_cleanup) ... ok
test_diagonal_illustration_bbox_is_not_a_table (__main__.ResearchTests.test_diagonal_illustration_bbox_is_not_a_table) ... ok
test_no_targets_preserves_exact_pdf_bytes (__main__.ResearchTests.test_no_targets_preserves_exact_pdf_bytes) ... FAIL
test_single_decimal_outlier_is_not_silently_removed (__main__.ResearchTests.test_single_decimal_outlier_is_not_silently_removed) ... ok
test_single_roman_frontmatter_then_decimal_sequence (__main__.ResearchTests.test_single_roman_frontmatter_then_decimal_sequence) ... ok
test_table_row_at_confirmed_footer_height_blocks_removal (__main__.ResearchTests.test_table_row_at_confirmed_footer_height_blocks_removal) ... ok
test_validation_rejects_changed_font_size_at_same_origin (__main__.ResearchTests.test_validation_rejects_changed_font_size_at_same_origin) ... FAIL
test_validation_rejects_changed_reading_order (__main__.ResearchTests.test_validation_rejects_changed_reading_order) ... FAIL
test_validation_rejects_changed_text_color (__main__.ResearchTests.test_validation_rejects_changed_text_color) ... FAIL

======================================================================
FAIL: test_no_targets_preserves_exact_pdf_bytes (__main__.ResearchTests.test_no_targets_preserves_exact_pdf_bytes)
----------------------------------------------------------------------
Traceback (most recent call last):
  File "/audit/test_research.py", line 55, in test_no_targets_preserves_exact_pdf_bytes
    self.assertEqual(out.read_bytes(),inp.read_bytes())
    ~~~~~~~~~~~~~~~~^^^^^^^^^^^^^^^^^^^^^^^^^^^^^^^^^^^
AssertionError: b'%PD[1209 chars]2B0><6FB6FFD048F4E25157E0A529317461CA>]>>\nsta[16 chars]OF\n' != b'%PD[1209 chars]2B0><C41EE657A72B4536E81B7E7173055EC1>]>>\nsta[16 chars]OF\n'

======================================================================
FAIL: test_validation_rejects_changed_font_size_at_same_origin (__main__.ResearchTests.test_validation_rejects_changed_font_size_at_same_origin)
----------------------------------------------------------------------
Traceback (most recent call last):
  File "/audit/test_research.py", line 63, in test_validation_rejects_changed_font_size_at_same_origin
    self.verify_change_rejected(self.plain('changed.pdf',fontsize=20))
    ~~~~~~~~~~~~~~~~~~~~~~~~~~~^^^^^^^^^^^^^^^^^^^^^^^^^^^^^^^^^^^^^^^
  File "/audit/test_research.py", line 61, in verify_change_rejected
    with self.assertRaises(CleanupError): validate_output(changed,source,plan,native)
         ~~~~~~~~~~~~~~~~~^^^^^^^^^^^^^^
AssertionError: CleanupError not raised

======================================================================
FAIL: test_validation_rejects_changed_reading_order (__main__.ResearchTests.test_validation_rejects_changed_reading_order)
----------------------------------------------------------------------
Traceback (most recent call last):
  File "/audit/test_research.py", line 67, in test_validation_rejects_changed_reading_order
    self.verify_change_rejected(self.plain('changed.pdf',reverse=True))
    ~~~~~~~~~~~~~~~~~~~~~~~~~~~^^^^^^^^^^^^^^^^^^^^^^^^^^^^^^^^^^^^^^^^
  File "/audit/test_research.py", line 61, in verify_change_rejected
    with self.assertRaises(CleanupError): validate_output(changed,source,plan,native)
         ~~~~~~~~~~~~~~~~~^^^^^^^^^^^^^^
AssertionError: CleanupError not raised

======================================================================
FAIL: test_validation_rejects_changed_text_color (__main__.ResearchTests.test_validation_rejects_changed_text_color)
----------------------------------------------------------------------
Traceback (most recent call last):
  File "/audit/test_research.py", line 65, in test_validation_rejects_changed_text_color
    self.verify_change_rejected(self.plain('changed.pdf',color=(1,0,0)))
    ~~~~~~~~~~~~~~~~~~~~~~~~~~~^^^^^^^^^^^^^^^^^^^^^^^^^^^^^^^^^^^^^^^^^
  File "/audit/test_research.py", line 61, in verify_change_rejected
    with self.assertRaises(CleanupError): validate_output(changed,source,plan,native)
         ~~~~~~~~~~~~~~~~~^^^^^^^^^^^^^^
AssertionError: CleanupError not raised

----------------------------------------------------------------------
Ran 9 tests in 0.231s

FAILED (failures=4)
